<?xml version="1.0" encoding="ISO-8859-1" ?>
<link_info>
   <banner>TI ARM Linker PC v20.2.1.LTS</banner>
   <copyright>Copyright (c) 1996-2018 Texas Instruments Incorporated</copyright>
   <link_time>0x5fd5b732</link_time>
   <link_errors>0x0</link_errors>
   <output_file>HW4-LCD-ADC.out</output_file>
   <entry_point>
      <name>_c_int00_noargs</name>
      <address>0x4199</address>
   </entry_point>
   <input_file_list>
      <input_file id="fl-2">
         <path>.\</path>
         <kind>object</kind>
         <file>Lcd.obj</file>
         <name>Lcd.obj</name>
      </input_file>
      <input_file id="fl-3">
         <path>.\</path>
         <kind>object</kind>
         <file>main.obj</file>
         <name>main.obj</name>
      </input_file>
      <input_file id="fl-4">
         <path>.\</path>
         <kind>object</kind>
         <file>tm4c123gh6pm_startup_ccs.obj</file>
         <name>tm4c123gh6pm_startup_ccs.obj</name>
      </input_file>
      <input_file id="fl-9">
         <kind>object</kind>
         <file>&lt;internal&gt;</file>
         <name>&lt;internal&gt;</name>
      </input_file>
      <input_file id="fl-bf">
         <path>C:\ti\ccs1011\ccs\tools\compiler\ti-cgt-arm_20.2.1.LTS\lib\</path>
         <kind>archive</kind>
         <file>rtsv7M4_T_le_v4SPD16_eabi.lib</file>
         <name>sprintf.c.obj</name>
      </input_file>
      <input_file id="fl-c0">
         <path>C:\ti\ccs1011\ccs\tools\compiler\ti-cgt-arm_20.2.1.LTS\lib\</path>
         <kind>archive</kind>
         <file>rtsv7M4_T_le_v4SPD16_eabi.lib</file>
         <name>memcpy_t2.asm.obj</name>
      </input_file>
      <input_file id="fl-c1">
         <path>C:\ti\ccs1011\ccs\tools\compiler\ti-cgt-arm_20.2.1.LTS\lib\</path>
         <kind>archive</kind>
         <file>rtsv7M4_T_le_v4SPD16_eabi.lib</file>
         <name>copy_zero_init.c.obj</name>
      </input_file>
      <input_file id="fl-c2">
         <path>C:\ti\ccs1011\ccs\tools\compiler\ti-cgt-arm_20.2.1.LTS\lib\</path>
         <kind>archive</kind>
         <file>rtsv7M4_T_le_v4SPD16_eabi.lib</file>
         <name>copy_decompress_none.c.obj</name>
      </input_file>
      <input_file id="fl-c3">
         <path>C:\ti\ccs1011\ccs\tools\compiler\ti-cgt-arm_20.2.1.LTS\lib\</path>
         <kind>archive</kind>
         <file>rtsv7M4_T_le_v4SPD16_eabi.lib</file>
         <name>copy_decompress_lzss.c.obj</name>
      </input_file>
      <input_file id="fl-c4">
         <path>C:\ti\ccs1011\ccs\tools\compiler\ti-cgt-arm_20.2.1.LTS\lib\</path>
         <kind>archive</kind>
         <file>rtsv7M4_T_le_v4SPD16_eabi.lib</file>
         <name>boot_cortex_m.c.obj</name>
      </input_file>
      <input_file id="fl-c5">
         <path>C:\ti\ccs1011\ccs\tools\compiler\ti-cgt-arm_20.2.1.LTS\lib\</path>
         <kind>archive</kind>
         <file>rtsv7M4_T_le_v4SPD16_eabi.lib</file>
         <name>_printfi.c.obj</name>
      </input_file>
      <input_file id="fl-c6">
         <path>C:\ti\ccs1011\ccs\tools\compiler\ti-cgt-arm_20.2.1.LTS\lib\</path>
         <kind>archive</kind>
         <file>rtsv7M4_T_le_v4SPD16_eabi.lib</file>
         <name>memset_t2.asm.obj</name>
      </input_file>
      <input_file id="fl-c7">
         <path>C:\ti\ccs1011\ccs\tools\compiler\ti-cgt-arm_20.2.1.LTS\lib\</path>
         <kind>archive</kind>
         <file>rtsv7M4_T_le_v4SPD16_eabi.lib</file>
         <name>fd_add_t2.asm.obj</name>
      </input_file>
      <input_file id="fl-c8">
         <path>C:\ti\ccs1011\ccs\tools\compiler\ti-cgt-arm_20.2.1.LTS\lib\</path>
         <kind>archive</kind>
         <file>rtsv7M4_T_le_v4SPD16_eabi.lib</file>
         <name>fd_cmp_t2.asm.obj</name>
      </input_file>
      <input_file id="fl-c9">
         <path>C:\ti\ccs1011\ccs\tools\compiler\ti-cgt-arm_20.2.1.LTS\lib\</path>
         <kind>archive</kind>
         <file>rtsv7M4_T_le_v4SPD16_eabi.lib</file>
         <name>fd_div_t2.asm.obj</name>
      </input_file>
      <input_file id="fl-ca">
         <path>C:\ti\ccs1011\ccs\tools\compiler\ti-cgt-arm_20.2.1.LTS\lib\</path>
         <kind>archive</kind>
         <file>rtsv7M4_T_le_v4SPD16_eabi.lib</file>
         <name>fd_mul_t2.asm.obj</name>
      </input_file>
      <input_file id="fl-cb">
         <path>C:\ti\ccs1011\ccs\tools\compiler\ti-cgt-arm_20.2.1.LTS\lib\</path>
         <kind>archive</kind>
         <file>rtsv7M4_T_le_v4SPD16_eabi.lib</file>
         <name>fd_toi_t2.asm.obj</name>
      </input_file>
      <input_file id="fl-cc">
         <path>C:\ti\ccs1011\ccs\tools\compiler\ti-cgt-arm_20.2.1.LTS\lib\</path>
         <kind>archive</kind>
         <file>rtsv7M4_T_le_v4SPD16_eabi.lib</file>
         <name>i_tofd_t2.asm.obj</name>
      </input_file>
      <input_file id="fl-cd">
         <path>C:\ti\ccs1011\ccs\tools\compiler\ti-cgt-arm_20.2.1.LTS\lib\</path>
         <kind>archive</kind>
         <file>rtsv7M4_T_le_v4SPD16_eabi.lib</file>
         <name>ull_div_t2.asm.obj</name>
      </input_file>
      <input_file id="fl-ce">
         <path>C:\ti\ccs1011\ccs\tools\compiler\ti-cgt-arm_20.2.1.LTS\lib\</path>
         <kind>archive</kind>
         <file>rtsv7M4_T_le_v4SPD16_eabi.lib</file>
         <name>autoinit.c.obj</name>
      </input_file>
      <input_file id="fl-cf">
         <path>C:\ti\ccs1011\ccs\tools\compiler\ti-cgt-arm_20.2.1.LTS\lib\</path>
         <kind>archive</kind>
         <file>rtsv7M4_T_le_v4SPD16_eabi.lib</file>
         <name>pre_init.c.obj</name>
      </input_file>
      <input_file id="fl-d0">
         <path>C:\ti\ccs1011\ccs\tools\compiler\ti-cgt-arm_20.2.1.LTS\lib\</path>
         <kind>archive</kind>
         <file>rtsv7M4_T_le_v4SPD16_eabi.lib</file>
         <name>cpy_tbl.c.obj</name>
      </input_file>
      <input_file id="fl-d1">
         <path>C:\ti\ccs1011\ccs\tools\compiler\ti-cgt-arm_20.2.1.LTS\lib\</path>
         <kind>archive</kind>
         <file>rtsv7M4_T_le_v4SPD16_eabi.lib</file>
         <name>exit.c.obj</name>
      </input_file>
      <input_file id="fl-d2">
         <path>C:\ti\ccs1011\ccs\tools\compiler\ti-cgt-arm_20.2.1.LTS\lib\</path>
         <kind>archive</kind>
         <file>rtsv7M4_T_le_v4SPD16_eabi.lib</file>
         <name>_lock.c.obj</name>
      </input_file>
      <input_file id="fl-d3">
         <path>C:\ti\ccs1011\ccs\tools\compiler\ti-cgt-arm_20.2.1.LTS\lib\</path>
         <kind>archive</kind>
         <file>rtsv7M4_T_le_v4SPD16_eabi.lib</file>
         <name>_ltoa.c.obj</name>
      </input_file>
      <input_file id="fl-d4">
         <path>C:\ti\ccs1011\ccs\tools\compiler\ti-cgt-arm_20.2.1.LTS\lib\</path>
         <kind>archive</kind>
         <file>rtsv7M4_T_le_v4SPD16_eabi.lib</file>
         <name>args_main.c.obj</name>
      </input_file>
      <input_file id="fl-d5">
         <path>C:\ti\ccs1011\ccs\tools\compiler\ti-cgt-arm_20.2.1.LTS\lib\</path>
         <kind>archive</kind>
         <file>rtsv7M4_T_le_v4SPD16_eabi.lib</file>
         <name>atoi.c.obj</name>
      </input_file>
      <input_file id="fl-d6">
         <path>C:\ti\ccs1011\ccs\tools\compiler\ti-cgt-arm_20.2.1.LTS\lib\</path>
         <kind>archive</kind>
         <file>rtsv7M4_T_le_v4SPD16_eabi.lib</file>
         <name>ctype.c.obj</name>
      </input_file>
      <input_file id="fl-d7">
         <path>C:\ti\ccs1011\ccs\tools\compiler\ti-cgt-arm_20.2.1.LTS\lib\</path>
         <kind>archive</kind>
         <file>rtsv7M4_T_le_v4SPD16_eabi.lib</file>
         <name>memccpy.c.obj</name>
      </input_file>
      <input_file id="fl-d8">
         <path>C:\ti\ccs1011\ccs\tools\compiler\ti-cgt-arm_20.2.1.LTS\lib\</path>
         <kind>archive</kind>
         <file>rtsv7M4_T_le_v4SPD16_eabi.lib</file>
         <name>strchr.c.obj</name>
      </input_file>
      <input_file id="fl-d9">
         <path>C:\ti\ccs1011\ccs\tools\compiler\ti-cgt-arm_20.2.1.LTS\lib\</path>
         <kind>archive</kind>
         <file>rtsv7M4_T_le_v4SPD16_eabi.lib</file>
         <name>strlen.c.obj</name>
      </input_file>
      <input_file id="fl-da">
         <path>C:\ti\ccs1011\ccs\tools\compiler\ti-cgt-arm_20.2.1.LTS\lib\</path>
         <kind>archive</kind>
         <file>rtsv7M4_T_le_v4SPD16_eabi.lib</file>
         <name>errno.c.obj</name>
      </input_file>
      <input_file id="fl-db">
         <path>C:\ti\ccs1011\ccs\tools\compiler\ti-cgt-arm_20.2.1.LTS\lib\</path>
         <kind>archive</kind>
         <file>rtsv7M4_T_le_v4SPD16_eabi.lib</file>
         <name>s_frexp.c.obj</name>
      </input_file>
      <input_file id="fl-dc">
         <path>C:\ti\ccs1011\ccs\tools\compiler\ti-cgt-arm_20.2.1.LTS\lib\</path>
         <kind>archive</kind>
         <file>rtsv7M4_T_le_v4SPD16_eabi.lib</file>
         <name>s_scalbn.c.obj</name>
      </input_file>
      <input_file id="fl-dd">
         <path>C:\ti\ccs1011\ccs\tools\compiler\ti-cgt-arm_20.2.1.LTS\lib\</path>
         <kind>archive</kind>
         <file>rtsv7M4_T_le_v4SPD16_eabi.lib</file>
         <name>wcslen.c.obj</name>
      </input_file>
      <input_file id="fl-de">
         <path>C:\ti\ccs1011\ccs\tools\compiler\ti-cgt-arm_20.2.1.LTS\lib\</path>
         <kind>archive</kind>
         <file>rtsv7M4_T_le_v4SPD16_eabi.lib</file>
         <name>div0.asm.obj</name>
      </input_file>
      <input_file id="fl-df">
         <path>C:\ti\ccs1011\ccs\tools\compiler\ti-cgt-arm_20.2.1.LTS\lib\</path>
         <kind>archive</kind>
         <file>rtsv7M4_T_le_v4SPD16_eabi.lib</file>
         <name>s_copysign.c.obj</name>
      </input_file>
      <input_file id="fl-e0">
         <path>C:\ti\TivaWare_C_Series-2.2.0.295\driverlib\ccs\Debug\</path>
         <kind>archive</kind>
         <file>driverlib.lib</file>
         <name>adc.obj</name>
      </input_file>
      <input_file id="fl-e1">
         <path>C:\ti\TivaWare_C_Series-2.2.0.295\driverlib\ccs\Debug\</path>
         <kind>archive</kind>
         <file>driverlib.lib</file>
         <name>cpu.obj</name>
      </input_file>
      <input_file id="fl-e2">
         <path>C:\ti\TivaWare_C_Series-2.2.0.295\driverlib\ccs\Debug\</path>
         <kind>archive</kind>
         <file>driverlib.lib</file>
         <name>interrupt.obj</name>
      </input_file>
      <input_file id="fl-e3">
         <path>C:\ti\TivaWare_C_Series-2.2.0.295\driverlib\ccs\Debug\</path>
         <kind>archive</kind>
         <file>driverlib.lib</file>
         <name>systick.obj</name>
      </input_file>
   </input_file_list>
   <object_component_list>
      <object_component id="oc-12">
         <name>.intvecs</name>
         <load_address>0x0</load_address>
         <run_address>0x0</run_address>
         <size>0x26c</size>
         <input_file_ref idref="fl-4"/>
      </object_component>
      <object_component id="oc-c8">
         <name>.text</name>
         <load_address>0x26c</load_address>
         <run_address>0x26c</run_address>
         <size>0x1e2c</size>
         <input_file_ref idref="fl-2"/>
      </object_component>
      <object_component id="oc-196">
         <name>.text:__TI_printfi</name>
         <load_address>0x2098</load_address>
         <run_address>0x2098</run_address>
         <size>0xa4e</size>
         <input_file_ref idref="fl-c5"/>
      </object_component>
      <object_component id="oc-206">
         <name>.text:_IntDefaultHandler</name>
         <load_address>0x2ae6</load_address>
         <run_address>0x2ae6</run_address>
         <size>0x2</size>
         <input_file_ref idref="fl-e2"/>
      </object_component>
      <object_component id="oc-241">
         <name>.text:_pconv_a</name>
         <load_address>0x2ae8</load_address>
         <run_address>0x2ae8</run_address>
         <size>0x270</size>
         <input_file_ref idref="fl-c5"/>
      </object_component>
      <object_component id="oc-9b">
         <name>.text</name>
         <load_address>0x2d58</load_address>
         <run_address>0x2d58</run_address>
         <size>0x1fc</size>
         <input_file_ref idref="fl-3"/>
      </object_component>
      <object_component id="oc-22f">
         <name>.text:_pconv_g</name>
         <load_address>0x2f54</load_address>
         <run_address>0x2f54</run_address>
         <size>0x1d0</size>
         <input_file_ref idref="fl-c5"/>
      </object_component>
      <object_component id="oc-2d0">
         <name>.text</name>
         <load_address>0x3124</load_address>
         <run_address>0x3124</run_address>
         <size>0x1b6</size>
         <input_file_ref idref="fl-c7"/>
      </object_component>
      <object_component id="oc-338">
         <name>.text</name>
         <load_address>0x32da</load_address>
         <run_address>0x32da</run_address>
         <size>0x2</size>
         <input_file_ref idref="fl-de"/>
      </object_component>
      <object_component id="oc-23b">
         <name>.text:_pconv_e</name>
         <load_address>0x32dc</load_address>
         <run_address>0x32dc</run_address>
         <size>0x13c</size>
         <input_file_ref idref="fl-c5"/>
      </object_component>
      <object_component id="oc-2b6">
         <name>.text</name>
         <load_address>0x3418</load_address>
         <run_address>0x3418</run_address>
         <size>0x136</size>
         <input_file_ref idref="fl-c9"/>
      </object_component>
      <object_component id="oc-2e2">
         <name>.text:fcvt</name>
         <load_address>0x3550</load_address>
         <run_address>0x3550</run_address>
         <size>0x124</size>
         <input_file_ref idref="fl-c5"/>
      </object_component>
      <object_component id="oc-2f6">
         <name>.text:scalbn</name>
         <load_address>0x3674</load_address>
         <run_address>0x3674</run_address>
         <size>0x110</size>
         <input_file_ref idref="fl-dc"/>
      </object_component>
      <object_component id="oc-2b1">
         <name>.text</name>
         <load_address>0x3784</load_address>
         <run_address>0x3784</run_address>
         <size>0xfc</size>
         <input_file_ref idref="fl-ca"/>
      </object_component>
      <object_component id="oc-224">
         <name>.text:_ltostr</name>
         <load_address>0x3880</load_address>
         <run_address>0x3880</run_address>
         <size>0xb1</size>
         <input_file_ref idref="fl-c5"/>
      </object_component>
      <object_component id="oc-3b">
         <name>.text</name>
         <load_address>0x3932</load_address>
         <run_address>0x3932</run_address>
         <size>0x9c</size>
         <input_file_ref idref="fl-c0"/>
      </object_component>
      <object_component id="oc-2aa">
         <name>.text</name>
         <load_address>0x39ce</load_address>
         <run_address>0x39ce</run_address>
         <size>0x96</size>
         <input_file_ref idref="fl-cd"/>
      </object_component>
      <object_component id="oc-22a">
         <name>.text:__aeabi_cdcmple</name>
         <load_address>0x3a64</load_address>
         <run_address>0x3a64</run_address>
         <size>0x86</size>
         <input_file_ref idref="fl-c8"/>
      </object_component>
      <object_component id="oc-2bb">
         <name>.text:__aeabi_cdrcmple</name>
         <load_address>0x3aea</load_address>
         <run_address>0x3aea</run_address>
         <size>0x86</size>
         <input_file_ref idref="fl-c8"/>
      </object_component>
      <object_component id="oc-f2">
         <name>.text:ADCSequenceStepConfigure</name>
         <load_address>0x3b70</load_address>
         <run_address>0x3b70</run_address>
         <size>0x7a</size>
         <input_file_ref idref="fl-e0"/>
      </object_component>
      <object_component id="oc-8f">
         <name>.text</name>
         <load_address>0x3bea</load_address>
         <run_address>0x3bea</run_address>
         <size>0x7a</size>
         <input_file_ref idref="fl-c6"/>
      </object_component>
      <object_component id="oc-2db">
         <name>.text:_mcpy</name>
         <load_address>0x3c64</load_address>
         <run_address>0x3c64</run_address>
         <size>0x6e</size>
         <input_file_ref idref="fl-c5"/>
      </object_component>
      <object_component id="oc-173">
         <name>.text:IntDisable</name>
         <load_address>0x3cd4</load_address>
         <run_address>0x3cd4</run_address>
         <size>0x68</size>
         <input_file_ref idref="fl-e2"/>
      </object_component>
      <object_component id="oc-fe">
         <name>.text:IntEnable</name>
         <load_address>0x3d3c</load_address>
         <run_address>0x3d3c</run_address>
         <size>0x68</size>
         <input_file_ref idref="fl-e2"/>
      </object_component>
      <object_component id="oc-15">
         <name>.text:decompress:lzss:__TI_decompress_lzss</name>
         <load_address>0x3da4</load_address>
         <run_address>0x3da4</run_address>
         <size>0x68</size>
         <input_file_ref idref="fl-c3"/>
      </object_component>
      <object_component id="oc-2f0">
         <name>.text:frexp</name>
         <load_address>0x3e0c</load_address>
         <run_address>0x3e0c</run_address>
         <size>0x64</size>
         <input_file_ref idref="fl-db"/>
      </object_component>
      <object_component id="oc-235">
         <name>.text:_pconv_f</name>
         <load_address>0x3e70</load_address>
         <run_address>0x3e70</run_address>
         <size>0x56</size>
         <input_file_ref idref="fl-c5"/>
      </object_component>
      <object_component id="oc-2c5">
         <name>.text:__TI_ltoa</name>
         <load_address>0x3ec6</load_address>
         <run_address>0x3ec6</run_address>
         <size>0x54</size>
         <input_file_ref idref="fl-d3"/>
      </object_component>
      <object_component id="oc-2d5">
         <name>.text:_ecpy</name>
         <load_address>0x3f1a</load_address>
         <run_address>0x3f1a</run_address>
         <size>0x52</size>
         <input_file_ref idref="fl-c5"/>
      </object_component>
      <object_component id="oc-1ca">
         <name>.text:_ADCIntNumberGet</name>
         <load_address>0x3f6c</load_address>
         <run_address>0x3f6c</run_address>
         <size>0x50</size>
         <input_file_ref idref="fl-e0"/>
      </object_component>
      <object_component id="oc-ec">
         <name>.text:ADCSequenceConfigure</name>
         <load_address>0x3fbc</load_address>
         <run_address>0x3fbc</run_address>
         <size>0x4e</size>
         <input_file_ref idref="fl-e0"/>
      </object_component>
      <object_component id="oc-21e">
         <name>.text:atoi</name>
         <load_address>0x400c</load_address>
         <run_address>0x400c</run_address>
         <size>0x4c</size>
         <input_file_ref idref="fl-d5"/>
      </object_component>
      <object_component id="oc-2c0">
         <name>.text</name>
         <load_address>0x4058</load_address>
         <run_address>0x4058</run_address>
         <size>0x48</size>
         <input_file_ref idref="fl-cb"/>
      </object_component>
      <object_component id="oc-12a">
         <name>.text:__TI_auto_init_nobinit_nopinit:__TI_auto_init_nobinit_nopinit</name>
         <load_address>0x40a0</load_address>
         <run_address>0x40a0</run_address>
         <size>0x44</size>
         <input_file_ref idref="fl-ce"/>
      </object_component>
      <object_component id="oc-ce">
         <name>.text:sprintf</name>
         <load_address>0x40e4</load_address>
         <run_address>0x40e4</run_address>
         <size>0x40</size>
         <input_file_ref idref="fl-bf"/>
      </object_component>
      <object_component id="oc-2e8">
         <name>.text:_fcpy</name>
         <load_address>0x4124</load_address>
         <run_address>0x4124</run_address>
         <size>0x3e</size>
         <input_file_ref idref="fl-c5"/>
      </object_component>
      <object_component id="oc-16d">
         <name>.text:IntRegister</name>
         <load_address>0x4164</load_address>
         <run_address>0x4164</run_address>
         <size>0x34</size>
         <input_file_ref idref="fl-e2"/>
      </object_component>
      <object_component id="oc-59">
         <name>.text:_c_int00_noargs:_c_int00_noargs</name>
         <load_address>0x4198</load_address>
         <run_address>0x4198</run_address>
         <size>0x34</size>
         <input_file_ref idref="fl-c4"/>
      </object_component>
      <object_component id="oc-2cb">
         <name>.text</name>
         <load_address>0x41cc</load_address>
         <run_address>0x41cc</run_address>
         <size>0x2e</size>
         <input_file_ref idref="fl-cc"/>
      </object_component>
      <object_component id="oc-d4">
         <name>.text:ADCSequenceDataGet</name>
         <load_address>0x41fa</load_address>
         <run_address>0x41fa</run_address>
         <size>0x1e</size>
         <input_file_ref idref="fl-e0"/>
      </object_component>
      <object_component id="oc-e6">
         <name>.text:SysTickIntRegister</name>
         <load_address>0x4218</load_address>
         <run_address>0x4218</run_address>
         <size>0x1c</size>
         <input_file_ref idref="fl-e3"/>
      </object_component>
      <object_component id="oc-47">
         <name>.text:decompress:ZI:__TI_zero_init_nomemset:__TI_zero_init_nomemset</name>
         <load_address>0x4234</load_address>
         <run_address>0x4234</run_address>
         <size>0x1c</size>
         <input_file_ref idref="fl-c1"/>
      </object_component>
      <object_component id="oc-247">
         <name>.text:memccpy</name>
         <load_address>0x4250</load_address>
         <run_address>0x4250</run_address>
         <size>0x1c</size>
         <input_file_ref idref="fl-d7"/>
      </object_component>
      <object_component id="oc-351">
         <name>.text:copysign</name>
         <load_address>0x426c</load_address>
         <run_address>0x426c</run_address>
         <size>0x1a</size>
         <input_file_ref idref="fl-df"/>
      </object_component>
      <object_component id="oc-110">
         <name>.text:ADCIntRegister</name>
         <load_address>0x4286</load_address>
         <run_address>0x4286</run_address>
         <size>0x18</size>
         <input_file_ref idref="fl-e0"/>
      </object_component>
      <object_component id="oc-e0">
         <name>.text:ADCProcessorTrigger</name>
         <load_address>0x429e</load_address>
         <run_address>0x429e</run_address>
         <size>0x18</size>
         <input_file_ref idref="fl-e0"/>
      </object_component>
      <object_component id="oc-19c">
         <name>.text:_outs</name>
         <load_address>0x42b6</load_address>
         <run_address>0x42b6</run_address>
         <size>0x18</size>
         <input_file_ref idref="fl-bf"/>
      </object_component>
      <object_component id="oc-2fc">
         <name>.text:strchr</name>
         <load_address>0x42ce</load_address>
         <run_address>0x42ce</run_address>
         <size>0x16</size>
         <input_file_ref idref="fl-d8"/>
      </object_component>
      <object_component id="oc-179">
         <name>.text:IntUnregister</name>
         <load_address>0x42e4</load_address>
         <run_address>0x42e4</run_address>
         <size>0x14</size>
         <input_file_ref idref="fl-e2"/>
      </object_component>
      <object_component id="oc-218">
         <name>.text:strlen</name>
         <load_address>0x42f8</load_address>
         <run_address>0x42f8</run_address>
         <size>0x14</size>
         <input_file_ref idref="fl-d9"/>
      </object_component>
      <object_component id="oc-24d">
         <name>.text:wcslen</name>
         <load_address>0x430c</load_address>
         <run_address>0x430c</run_address>
         <size>0x12</size>
         <input_file_ref idref="fl-dd"/>
      </object_component>
      <object_component id="oc-104">
         <name>.text:ADCIntEnable</name>
         <load_address>0x431e</load_address>
         <run_address>0x431e</run_address>
         <size>0x10</size>
         <input_file_ref idref="fl-e0"/>
      </object_component>
      <object_component id="oc-10a">
         <name>.text:IntMasterEnable</name>
         <load_address>0x432e</load_address>
         <run_address>0x432e</run_address>
         <size>0x10</size>
         <input_file_ref idref="fl-e2"/>
      </object_component>
      <object_component id="oc-f8">
         <name>.text:ADCSequenceEnable</name>
         <load_address>0x433e</load_address>
         <run_address>0x433e</run_address>
         <size>0xe</size>
         <input_file_ref idref="fl-e0"/>
      </object_component>
      <object_component id="oc-1b">
         <name>.text:decompress:none:__TI_decompress_none</name>
         <load_address>0x434c</load_address>
         <run_address>0x434c</run_address>
         <size>0xe</size>
         <input_file_ref idref="fl-c2"/>
      </object_component>
      <object_component id="oc-1c3">
         <name>.text:CPUcpsie</name>
         <load_address>0x435a</load_address>
         <run_address>0x435a</run_address>
         <size>0xc</size>
         <input_file_ref idref="fl-e1"/>
      </object_component>
      <object_component id="oc-27">
         <name>.text</name>
         <load_address>0x4366</load_address>
         <run_address>0x4366</run_address>
         <size>0xc</size>
         <input_file_ref idref="fl-4"/>
      </object_component>
      <object_component id="oc-da">
         <name>.text:ADCIntClear</name>
         <load_address>0x4372</load_address>
         <run_address>0x4372</run_address>
         <size>0xa</size>
         <input_file_ref idref="fl-e0"/>
      </object_component>
      <object_component id="oc-1a2">
         <name>.text:_outc</name>
         <load_address>0x437c</load_address>
         <run_address>0x437c</run_address>
         <size>0xa</size>
         <input_file_ref idref="fl-bf"/>
      </object_component>
      <object_component id="oc-253">
         <name>.text:__aeabi_errno_addr</name>
         <load_address>0x4388</load_address>
         <run_address>0x4388</run_address>
         <size>0x8</size>
         <input_file_ref idref="fl-da"/>
      </object_component>
      <object_component id="oc-194">
         <name>.text:SysCtlDelay</name>
         <load_address>0x4390</load_address>
         <run_address>0x4390</run_address>
         <size>0x6</size>
         <input_file_ref idref="fl-2"/>
      </object_component>
      <object_component id="oc-185">
         <name>.text:CPUwfi</name>
         <load_address>0x4396</load_address>
         <run_address>0x4396</run_address>
         <size>0x4</size>
         <input_file_ref idref="fl-e1"/>
      </object_component>
      <object_component id="oc-95">
         <name>.text:_system_pre_init</name>
         <load_address>0x439a</load_address>
         <run_address>0x439a</run_address>
         <size>0x4</size>
         <input_file_ref idref="fl-cf"/>
      </object_component>
      <object_component id="oc-11e">
         <name>.text:abort:abort</name>
         <load_address>0x439e</load_address>
         <run_address>0x439e</run_address>
         <size>0x4</size>
         <input_file_ref idref="fl-d1"/>
      </object_component>
      <object_component id="oc-191">
         <name>.const:g_pppui32XTALtoVCO</name>
         <load_address>0x43a4</load_address>
         <run_address>0x43a4</run_address>
         <size>0x1b0</size>
         <input_file_ref idref="fl-2"/>
      </object_component>
      <object_component id="oc-2a5">
         <name>.const:.string:_ctypes_</name>
         <load_address>0x4554</load_address>
         <run_address>0x4554</run_address>
         <size>0x101</size>
         <input_file_ref idref="fl-d6"/>
      </object_component>
      <object_component id="oc-16a">
         <name>.const:g_ppui32GPIOIntMapSnowflake</name>
         <load_address>0x4658</load_address>
         <run_address>0x4658</run_address>
         <size>0xd8</size>
         <input_file_ref idref="fl-2"/>
      </object_component>
      <object_component id="oc-167">
         <name>.const:g_ppui32GPIOIntMapBlizzard</name>
         <load_address>0x4730</load_address>
         <run_address>0x4730</run_address>
         <size>0xc0</size>
         <input_file_ref idref="fl-2"/>
      </object_component>
      <object_component id="oc-17f">
         <name>.const:g_pui32GPIOBaseAddrs</name>
         <load_address>0x47f0</load_address>
         <run_address>0x47f0</run_address>
         <size>0x90</size>
         <input_file_ref idref="fl-2"/>
      </object_component>
      <object_component id="oc-18b">
         <name>.const:g_pui32Xtals</name>
         <load_address>0x4880</load_address>
         <run_address>0x4880</run_address>
         <size>0x6c</size>
         <input_file_ref idref="fl-2"/>
      </object_component>
      <object_component id="oc-182">
         <name>.const:g_sXTALtoMEMTIM</name>
         <load_address>0x48ec</load_address>
         <run_address>0x48ec</run_address>
         <size>0x30</size>
         <input_file_ref idref="fl-2"/>
      </object_component>
      <object_component id="oc-202">
         <name>.const:g_pui32Dii16Regs</name>
         <load_address>0x491c</load_address>
         <run_address>0x491c</run_address>
         <size>0x14</size>
         <input_file_ref idref="fl-e2"/>
      </object_component>
      <object_component id="oc-1bd">
         <name>.const:g_pui32EnRegs</name>
         <load_address>0x4930</load_address>
         <run_address>0x4930</run_address>
         <size>0x14</size>
         <input_file_ref idref="fl-e2"/>
      </object_component>
      <object_component id="oc-18e">
         <name>.const:g_pui32VCOFrequencies</name>
         <load_address>0x4944</load_address>
         <run_address>0x4944</run_address>
         <size>0x8</size>
         <input_file_ref idref="fl-2"/>
      </object_component>
      <object_component id="oc-3a7">
         <name>__TI_handler_table</name>
         <load_address>0x4950</load_address>
         <run_address>0x4950</run_address>
         <size>0xc</size>
      </object_component>
      <object_component id="oc-3aa">
         <name>.cinit..data.load</name>
         <load_address>0x495c</load_address>
         <run_address>0x495c</run_address>
         <size>0x9</size>
      </object_component>
      <object_component id="oc-3ab">
         <name>.cinit..bss.load</name>
         <load_address>0x4968</load_address>
         <run_address>0x4968</run_address>
         <size>0x8</size>
      </object_component>
      <object_component id="oc-3a9">
         <name>.cinit..vtable.load</name>
         <load_address>0x4970</load_address>
         <run_address>0x4970</run_address>
         <size>0x8</size>
      </object_component>
      <object_component id="oc-3a8">
         <name>__TI_cinit_table</name>
         <load_address>0x4978</load_address>
         <run_address>0x4978</run_address>
         <size>0x18</size>
      </object_component>
      <object_component id="oc-1fe">
         <name>.vtable</name>
         <uninitialized>true</uninitialized>
         <run_address>0x20000000</run_address>
         <size>0x26c</size>
         <input_file_ref idref="fl-e2"/>
      </object_component>
      <object_component id="oc-116">
         <name>.data</name>
         <load_address>0x2000047c</load_address>
         <run_address>0x2000047c</run_address>
         <size>0x8</size>
         <input_file_ref idref="fl-3"/>
      </object_component>
      <object_component id="oc-30c">
         <name>.data</name>
         <load_address>0x20000484</load_address>
         <run_address>0x20000484</run_address>
         <size>0x4</size>
         <input_file_ref idref="fl-da"/>
      </object_component>
      <object_component id="oc-11c">
         <name>.bss:data$1</name>
         <uninitialized>true</uninitialized>
         <run_address>0x20000478</run_address>
         <size>0x4</size>
         <input_file_ref idref="fl-3"/>
      </object_component>
      <object_component id="oc-119">
         <name>.common:arr</name>
         <uninitialized>true</uninitialized>
         <run_address>0x20000470</run_address>
         <size>0x8</size>
      </object_component>
      <object_component id="oc-24">
         <name>.stack</name>
         <uninitialized>true</uninitialized>
         <run_address>0x20000270</run_address>
         <size>0x4</size>
         <input_file_ref idref="fl-c4"/>
      </object_component>
      <object_component id="oc-3ad">
         <name>.stack</name>
         <uninitialized>true</uninitialized>
         <run_address>0x20000270</run_address>
         <size>0x0</size>
      </object_component>
      <object_component id="oc-b7">
         <name>.debug_info</name>
         <load_address>0x0</load_address>
         <run_address>0x0</run_address>
         <size>0x3e7</size>
         <input_file_ref idref="fl-2"/>
      </object_component>
      <object_component id="oc-168">
         <name>.debug_info</name>
         <load_address>0x3e7</load_address>
         <run_address>0x3e7</run_address>
         <size>0xe7</size>
         <input_file_ref idref="fl-2"/>
      </object_component>
      <object_component id="oc-16b">
         <name>.debug_info</name>
         <load_address>0x4ce</load_address>
         <run_address>0x4ce</run_address>
         <size>0xe9</size>
         <input_file_ref idref="fl-2"/>
      </object_component>
      <object_component id="oc-180">
         <name>.debug_info</name>
         <load_address>0x5b7</load_address>
         <run_address>0x5b7</run_address>
         <size>0xdb</size>
         <input_file_ref idref="fl-2"/>
      </object_component>
      <object_component id="oc-18c">
         <name>.debug_info</name>
         <load_address>0x692</load_address>
         <run_address>0x692</run_address>
         <size>0xcb</size>
         <input_file_ref idref="fl-2"/>
      </object_component>
      <object_component id="oc-192">
         <name>.debug_info</name>
         <load_address>0x75d</load_address>
         <run_address>0x75d</run_address>
         <size>0xd7</size>
         <input_file_ref idref="fl-2"/>
      </object_component>
      <object_component id="oc-183">
         <name>.debug_info</name>
         <load_address>0x834</load_address>
         <run_address>0x834</run_address>
         <size>0xd1</size>
         <input_file_ref idref="fl-2"/>
      </object_component>
      <object_component id="oc-18f">
         <name>.debug_info</name>
         <load_address>0x905</load_address>
         <run_address>0x905</run_address>
         <size>0xde</size>
         <input_file_ref idref="fl-2"/>
      </object_component>
      <object_component id="oc-c9">
         <name>.debug_info</name>
         <load_address>0x9e3</load_address>
         <run_address>0x9e3</run_address>
         <size>0x7c64</size>
         <input_file_ref idref="fl-2"/>
      </object_component>
      <object_component id="oc-15e">
         <name>.debug_info</name>
         <load_address>0x8647</load_address>
         <run_address>0x8647</run_address>
         <size>0x51</size>
         <input_file_ref idref="fl-2"/>
      </object_component>
      <object_component id="oc-70">
         <name>.debug_info</name>
         <load_address>0x8698</load_address>
         <run_address>0x8698</run_address>
         <size>0x26b</size>
         <input_file_ref idref="fl-2"/>
      </object_component>
      <object_component id="oc-b2">
         <name>.debug_info</name>
         <load_address>0x8903</load_address>
         <run_address>0x8903</run_address>
         <size>0x8b</size>
         <input_file_ref idref="fl-2"/>
      </object_component>
      <object_component id="oc-ad">
         <name>.debug_info</name>
         <load_address>0x898e</load_address>
         <run_address>0x898e</run_address>
         <size>0x2a4</size>
         <input_file_ref idref="fl-2"/>
      </object_component>
      <object_component id="oc-162">
         <name>.debug_info</name>
         <load_address>0x8c32</load_address>
         <run_address>0x8c32</run_address>
         <size>0xef</size>
         <input_file_ref idref="fl-2"/>
      </object_component>
      <object_component id="oc-75">
         <name>.debug_info</name>
         <load_address>0x8d21</load_address>
         <run_address>0x8d21</run_address>
         <size>0xbb</size>
         <input_file_ref idref="fl-2"/>
      </object_component>
      <object_component id="oc-1aa">
         <name>.debug_info</name>
         <load_address>0x8ddc</load_address>
         <run_address>0x8ddc</run_address>
         <size>0x2c</size>
         <input_file_ref idref="fl-2"/>
      </object_component>
      <object_component id="oc-11a">
         <name>.debug_info</name>
         <load_address>0x8e08</load_address>
         <run_address>0x8e08</run_address>
         <size>0x68c</size>
         <input_file_ref idref="fl-3"/>
      </object_component>
      <object_component id="oc-117">
         <name>.debug_info</name>
         <load_address>0x9494</load_address>
         <run_address>0x9494</run_address>
         <size>0x123</size>
         <input_file_ref idref="fl-3"/>
      </object_component>
      <object_component id="oc-9c">
         <name>.debug_info</name>
         <load_address>0x95b7</load_address>
         <run_address>0x95b7</run_address>
         <size>0x51c</size>
         <input_file_ref idref="fl-3"/>
      </object_component>
      <object_component id="oc-2f">
         <name>.debug_info</name>
         <load_address>0x9ad3</load_address>
         <run_address>0x9ad3</run_address>
         <size>0x2a2</size>
         <input_file_ref idref="fl-4"/>
      </object_component>
      <object_component id="oc-13">
         <name>.debug_info</name>
         <load_address>0x9d75</load_address>
         <run_address>0x9d75</run_address>
         <size>0xe1</size>
         <input_file_ref idref="fl-4"/>
      </object_component>
      <object_component id="oc-28">
         <name>.debug_info</name>
         <load_address>0x9e56</load_address>
         <run_address>0x9e56</run_address>
         <size>0x25d</size>
         <input_file_ref idref="fl-4"/>
      </object_component>
      <object_component id="oc-36">
         <name>.debug_info</name>
         <load_address>0xa0b3</load_address>
         <run_address>0xa0b3</run_address>
         <size>0x84</size>
         <input_file_ref idref="fl-4"/>
      </object_component>
      <object_component id="oc-1a9">
         <name>.debug_info</name>
         <load_address>0xa137</load_address>
         <run_address>0xa137</run_address>
         <size>0x333</size>
         <input_file_ref idref="fl-bf"/>
      </object_component>
      <object_component id="oc-cf">
         <name>.debug_info</name>
         <load_address>0xa46a</load_address>
         <run_address>0xa46a</run_address>
         <size>0x1d1</size>
         <input_file_ref idref="fl-bf"/>
      </object_component>
      <object_component id="oc-1a0">
         <name>.debug_info</name>
         <load_address>0xa63b</load_address>
         <run_address>0xa63b</run_address>
         <size>0x18d</size>
         <input_file_ref idref="fl-bf"/>
      </object_component>
      <object_component id="oc-1a5">
         <name>.debug_info</name>
         <load_address>0xa7c8</load_address>
         <run_address>0xa7c8</run_address>
         <size>0x16d</size>
         <input_file_ref idref="fl-bf"/>
      </object_component>
      <object_component id="oc-313">
         <name>.debug_info</name>
         <load_address>0xa935</load_address>
         <run_address>0xa935</run_address>
         <size>0x2c</size>
         <input_file_ref idref="fl-bf"/>
      </object_component>
      <object_component id="oc-3c">
         <name>.debug_info</name>
         <load_address>0xa961</load_address>
         <run_address>0xa961</run_address>
         <size>0x119</size>
         <input_file_ref idref="fl-c0"/>
      </object_component>
      <object_component id="oc-8e">
         <name>.debug_info</name>
         <load_address>0xaa7a</load_address>
         <run_address>0xaa7a</run_address>
         <size>0x2d4</size>
         <input_file_ref idref="fl-c1"/>
      </object_component>
      <object_component id="oc-4b">
         <name>.debug_info</name>
         <load_address>0xad4e</load_address>
         <run_address>0xad4e</run_address>
         <size>0x1d2</size>
         <input_file_ref idref="fl-c1"/>
      </object_component>
      <object_component id="oc-89">
         <name>.debug_info</name>
         <load_address>0xaf20</load_address>
         <run_address>0xaf20</run_address>
         <size>0x46</size>
         <input_file_ref idref="fl-c1"/>
      </object_component>
      <object_component id="oc-bf">
         <name>.debug_info</name>
         <load_address>0xaf66</load_address>
         <run_address>0xaf66</run_address>
         <size>0x2c</size>
         <input_file_ref idref="fl-c1"/>
      </object_component>
      <object_component id="oc-46">
         <name>.debug_info</name>
         <load_address>0xaf92</load_address>
         <run_address>0xaf92</run_address>
         <size>0x2a8</size>
         <input_file_ref idref="fl-c2"/>
      </object_component>
      <object_component id="oc-1f">
         <name>.debug_info</name>
         <load_address>0xb23a</load_address>
         <run_address>0xb23a</run_address>
         <size>0x1ea</size>
         <input_file_ref idref="fl-c2"/>
      </object_component>
      <object_component id="oc-41">
         <name>.debug_info</name>
         <load_address>0xb424</load_address>
         <run_address>0xb424</run_address>
         <size>0x46</size>
         <input_file_ref idref="fl-c2"/>
      </object_component>
      <object_component id="oc-81">
         <name>.debug_info</name>
         <load_address>0xb46a</load_address>
         <run_address>0xb46a</run_address>
         <size>0x2c</size>
         <input_file_ref idref="fl-c2"/>
      </object_component>
      <object_component id="oc-7f">
         <name>.debug_info</name>
         <load_address>0xb496</load_address>
         <run_address>0xb496</run_address>
         <size>0x29e</size>
         <input_file_ref idref="fl-c3"/>
      </object_component>
      <object_component id="oc-16">
         <name>.debug_info</name>
         <load_address>0xb734</load_address>
         <run_address>0xb734</run_address>
         <size>0x250</size>
         <input_file_ref idref="fl-c3"/>
      </object_component>
      <object_component id="oc-31">
         <name>.debug_info</name>
         <load_address>0xb984</load_address>
         <run_address>0xb984</run_address>
         <size>0x60</size>
         <input_file_ref idref="fl-c3"/>
      </object_component>
      <object_component id="oc-b8">
         <name>.debug_info</name>
         <load_address>0xb9e4</load_address>
         <run_address>0xb9e4</run_address>
         <size>0x46</size>
         <input_file_ref idref="fl-c3"/>
      </object_component>
      <object_component id="oc-7a">
         <name>.debug_info</name>
         <load_address>0xba2a</load_address>
         <run_address>0xba2a</run_address>
         <size>0x39</size>
         <input_file_ref idref="fl-c3"/>
      </object_component>
      <object_component id="oc-25">
         <name>.debug_info</name>
         <load_address>0xba63</load_address>
         <run_address>0xba63</run_address>
         <size>0x10b</size>
         <input_file_ref idref="fl-c4"/>
      </object_component>
      <object_component id="oc-5b">
         <name>.debug_info</name>
         <load_address>0xbb6e</load_address>
         <run_address>0xbb6e</run_address>
         <size>0x1a9</size>
         <input_file_ref idref="fl-c4"/>
      </object_component>
      <object_component id="oc-25a">
         <name>.debug_info</name>
         <load_address>0xbd17</load_address>
         <run_address>0xbd17</run_address>
         <size>0x590</size>
         <input_file_ref idref="fl-c5"/>
      </object_component>
      <object_component id="oc-225">
         <name>.debug_info</name>
         <load_address>0xc2a7</load_address>
         <run_address>0xc2a7</run_address>
         <size>0x21e</size>
         <input_file_ref idref="fl-c5"/>
      </object_component>
      <object_component id="oc-2d6">
         <name>.debug_info</name>
         <load_address>0xc4c5</load_address>
         <run_address>0xc4c5</run_address>
         <size>0x1b3</size>
         <input_file_ref idref="fl-c5"/>
      </object_component>
      <object_component id="oc-2dc">
         <name>.debug_info</name>
         <load_address>0xc678</load_address>
         <run_address>0xc678</run_address>
         <size>0x21b</size>
         <input_file_ref idref="fl-c5"/>
      </object_component>
      <object_component id="oc-230">
         <name>.debug_info</name>
         <load_address>0xc893</load_address>
         <run_address>0xc893</run_address>
         <size>0x3c0</size>
         <input_file_ref idref="fl-c5"/>
      </object_component>
      <object_component id="oc-2e3">
         <name>.debug_info</name>
         <load_address>0xcc53</load_address>
         <run_address>0xcc53</run_address>
         <size>0x30a</size>
         <input_file_ref idref="fl-c5"/>
      </object_component>
      <object_component id="oc-2ea">
         <name>.debug_info</name>
         <load_address>0xcf5d</load_address>
         <run_address>0xcf5d</run_address>
         <size>0x215</size>
         <input_file_ref idref="fl-c5"/>
      </object_component>
      <object_component id="oc-237">
         <name>.debug_info</name>
         <load_address>0xd172</load_address>
         <run_address>0xd172</run_address>
         <size>0x215</size>
         <input_file_ref idref="fl-c5"/>
      </object_component>
      <object_component id="oc-23c">
         <name>.debug_info</name>
         <load_address>0xd387</load_address>
         <run_address>0xd387</run_address>
         <size>0x304</size>
         <input_file_ref idref="fl-c5"/>
      </object_component>
      <object_component id="oc-242">
         <name>.debug_info</name>
         <load_address>0xd68b</load_address>
         <run_address>0xd68b</run_address>
         <size>0x4b5</size>
         <input_file_ref idref="fl-c5"/>
      </object_component>
      <object_component id="oc-197">
         <name>.debug_info</name>
         <load_address>0xdb40</load_address>
         <run_address>0xdb40</run_address>
         <size>0x5f4</size>
         <input_file_ref idref="fl-c5"/>
      </object_component>
      <object_component id="oc-25b">
         <name>.debug_info</name>
         <load_address>0xe134</load_address>
         <run_address>0xe134</run_address>
         <size>0x86</size>
         <input_file_ref idref="fl-c5"/>
      </object_component>
      <object_component id="oc-318">
         <name>.debug_info</name>
         <load_address>0xe1ba</load_address>
         <run_address>0xe1ba</run_address>
         <size>0x39</size>
         <input_file_ref idref="fl-c5"/>
      </object_component>
      <object_component id="oc-368">
         <name>.debug_info</name>
         <load_address>0xe1f3</load_address>
         <run_address>0xe1f3</run_address>
         <size>0xb6</size>
         <input_file_ref idref="fl-c5"/>
      </object_component>
      <object_component id="oc-31d">
         <name>.debug_info</name>
         <load_address>0xe2a9</load_address>
         <run_address>0xe2a9</run_address>
         <size>0x46</size>
         <input_file_ref idref="fl-c5"/>
      </object_component>
      <object_component id="oc-260">
         <name>.debug_info</name>
         <load_address>0xe2ef</load_address>
         <run_address>0xe2ef</run_address>
         <size>0x46</size>
         <input_file_ref idref="fl-c5"/>
      </object_component>
      <object_component id="oc-91">
         <name>.debug_info</name>
         <load_address>0xe335</load_address>
         <run_address>0xe335</run_address>
         <size>0x147</size>
         <input_file_ref idref="fl-c6"/>
      </object_component>
      <object_component id="oc-2d3">
         <name>.debug_info</name>
         <load_address>0xe47c</load_address>
         <run_address>0xe47c</run_address>
         <size>0x14c</size>
         <input_file_ref idref="fl-c7"/>
      </object_component>
      <object_component id="oc-22d">
         <name>.debug_info</name>
         <load_address>0xe5c8</load_address>
         <run_address>0xe5c8</run_address>
         <size>0x128</size>
         <input_file_ref idref="fl-c8"/>
      </object_component>
      <object_component id="oc-2bc">
         <name>.debug_info</name>
         <load_address>0xe6f0</load_address>
         <run_address>0xe6f0</run_address>
         <size>0x12a</size>
         <input_file_ref idref="fl-c8"/>
      </object_component>
      <object_component id="oc-2b9">
         <name>.debug_info</name>
         <load_address>0xe81a</load_address>
         <run_address>0xe81a</run_address>
         <size>0x13a</size>
         <input_file_ref idref="fl-c9"/>
      </object_component>
      <object_component id="oc-2b4">
         <name>.debug_info</name>
         <load_address>0xe954</load_address>
         <run_address>0xe954</run_address>
         <size>0x13a</size>
         <input_file_ref idref="fl-ca"/>
      </object_component>
      <object_component id="oc-2c1">
         <name>.debug_info</name>
         <load_address>0xea8e</load_address>
         <run_address>0xea8e</run_address>
         <size>0x12e</size>
         <input_file_ref idref="fl-cb"/>
      </object_component>
      <object_component id="oc-2cd">
         <name>.debug_info</name>
         <load_address>0xebbc</load_address>
         <run_address>0xebbc</run_address>
         <size>0x12c</size>
         <input_file_ref idref="fl-cc"/>
      </object_component>
      <object_component id="oc-2ad">
         <name>.debug_info</name>
         <load_address>0xece8</load_address>
         <run_address>0xece8</run_address>
         <size>0x134</size>
         <input_file_ref idref="fl-cd"/>
      </object_component>
      <object_component id="oc-1e5">
         <name>.debug_info</name>
         <load_address>0xee1c</load_address>
         <run_address>0xee1c</run_address>
         <size>0x4b3</size>
         <input_file_ref idref="fl-ce"/>
      </object_component>
      <object_component id="oc-12d">
         <name>.debug_info</name>
         <load_address>0xf2cf</load_address>
         <run_address>0xf2cf</run_address>
         <size>0x1a6</size>
         <input_file_ref idref="fl-ce"/>
      </object_component>
      <object_component id="oc-28d">
         <name>.debug_info</name>
         <load_address>0xf475</load_address>
         <run_address>0xf475</run_address>
         <size>0x39</size>
         <input_file_ref idref="fl-ce"/>
      </object_component>
      <object_component id="oc-325">
         <name>.debug_info</name>
         <load_address>0xf4ae</load_address>
         <run_address>0xf4ae</run_address>
         <size>0x39</size>
         <input_file_ref idref="fl-ce"/>
      </object_component>
      <object_component id="oc-292">
         <name>.debug_info</name>
         <load_address>0xf4e7</load_address>
         <run_address>0xf4e7</run_address>
         <size>0x39</size>
         <input_file_ref idref="fl-ce"/>
      </object_component>
      <object_component id="oc-297">
         <name>.debug_info</name>
         <load_address>0xf520</load_address>
         <run_address>0xf520</run_address>
         <size>0xcd</size>
         <input_file_ref idref="fl-ce"/>
      </object_component>
      <object_component id="oc-99">
         <name>.debug_info</name>
         <load_address>0xf5ed</load_address>
         <run_address>0xf5ed</run_address>
         <size>0x153</size>
         <input_file_ref idref="fl-cf"/>
      </object_component>
      <object_component id="oc-121">
         <name>.debug_info</name>
         <load_address>0xf740</load_address>
         <run_address>0xf740</run_address>
         <size>0x122</size>
         <input_file_ref idref="fl-d1"/>
      </object_component>
      <object_component id="oc-343">
         <name>.debug_info</name>
         <load_address>0xf862</load_address>
         <run_address>0xf862</run_address>
         <size>0x29c</size>
         <input_file_ref idref="fl-d3"/>
      </object_component>
      <object_component id="oc-2c7">
         <name>.debug_info</name>
         <load_address>0xfafe</load_address>
         <run_address>0xfafe</run_address>
         <size>0x1da</size>
         <input_file_ref idref="fl-d3"/>
      </object_component>
      <object_component id="oc-2a9">
         <name>.debug_info</name>
         <load_address>0xfcd8</load_address>
         <run_address>0xfcd8</run_address>
         <size>0x2b9</size>
         <input_file_ref idref="fl-d5"/>
      </object_component>
      <object_component id="oc-221">
         <name>.debug_info</name>
         <load_address>0xff91</load_address>
         <run_address>0xff91</run_address>
         <size>0x17c</size>
         <input_file_ref idref="fl-d5"/>
      </object_component>
      <object_component id="oc-335">
         <name>.debug_info</name>
         <load_address>0x1010d</load_address>
         <run_address>0x1010d</run_address>
         <size>0xf9</size>
         <input_file_ref idref="fl-d6"/>
      </object_component>
      <object_component id="oc-2a6">
         <name>.debug_info</name>
         <load_address>0x10206</load_address>
         <run_address>0x10206</run_address>
         <size>0x105</size>
         <input_file_ref idref="fl-d6"/>
      </object_component>
      <object_component id="oc-304">
         <name>.debug_info</name>
         <load_address>0x1030b</load_address>
         <run_address>0x1030b</run_address>
         <size>0x2a7</size>
         <input_file_ref idref="fl-d7"/>
      </object_component>
      <object_component id="oc-248">
         <name>.debug_info</name>
         <load_address>0x105b2</load_address>
         <run_address>0x105b2</run_address>
         <size>0x1b8</size>
         <input_file_ref idref="fl-d7"/>
      </object_component>
      <object_component id="oc-35a">
         <name>.debug_info</name>
         <load_address>0x1076a</load_address>
         <run_address>0x1076a</run_address>
         <size>0x29a</size>
         <input_file_ref idref="fl-d8"/>
      </object_component>
      <object_component id="oc-2ff">
         <name>.debug_info</name>
         <load_address>0x10a04</load_address>
         <run_address>0x10a04</run_address>
         <size>0x262</size>
         <input_file_ref idref="fl-d8"/>
      </object_component>
      <object_component id="oc-2a4">
         <name>.debug_info</name>
         <load_address>0x10c66</load_address>
         <run_address>0x10c66</run_address>
         <size>0x28f</size>
         <input_file_ref idref="fl-d9"/>
      </object_component>
      <object_component id="oc-21b">
         <name>.debug_info</name>
         <load_address>0x10ef5</load_address>
         <run_address>0x10ef5</run_address>
         <size>0x245</size>
         <input_file_ref idref="fl-d9"/>
      </object_component>
      <object_component id="oc-310">
         <name>.debug_info</name>
         <load_address>0x1113a</load_address>
         <run_address>0x1113a</run_address>
         <size>0x289</size>
         <input_file_ref idref="fl-da"/>
      </object_component>
      <object_component id="oc-30d">
         <name>.debug_info</name>
         <load_address>0x113c3</load_address>
         <run_address>0x113c3</run_address>
         <size>0x10e</size>
         <input_file_ref idref="fl-da"/>
      </object_component>
      <object_component id="oc-254">
         <name>.debug_info</name>
         <load_address>0x114d1</load_address>
         <run_address>0x114d1</run_address>
         <size>0x14e</size>
         <input_file_ref idref="fl-da"/>
      </object_component>
      <object_component id="oc-34b">
         <name>.debug_info</name>
         <load_address>0x1161f</load_address>
         <run_address>0x1161f</run_address>
         <size>0x29a</size>
         <input_file_ref idref="fl-db"/>
      </object_component>
      <object_component id="oc-2f1">
         <name>.debug_info</name>
         <load_address>0x118b9</load_address>
         <run_address>0x118b9</run_address>
         <size>0x195</size>
         <input_file_ref idref="fl-db"/>
      </object_component>
      <object_component id="oc-374">
         <name>.debug_info</name>
         <load_address>0x11a4e</load_address>
         <run_address>0x11a4e</run_address>
         <size>0x39</size>
         <input_file_ref idref="fl-db"/>
      </object_component>
      <object_component id="oc-34c">
         <name>.debug_info</name>
         <load_address>0x11a87</load_address>
         <run_address>0x11a87</run_address>
         <size>0x2c</size>
         <input_file_ref idref="fl-db"/>
      </object_component>
      <object_component id="oc-358">
         <name>.debug_info</name>
         <load_address>0x11ab3</load_address>
         <run_address>0x11ab3</run_address>
         <size>0x2fd</size>
         <input_file_ref idref="fl-dc"/>
      </object_component>
      <object_component id="oc-2f7">
         <name>.debug_info</name>
         <load_address>0x11db0</load_address>
         <run_address>0x11db0</run_address>
         <size>0x225</size>
         <input_file_ref idref="fl-dc"/>
      </object_component>
      <object_component id="oc-30b">
         <name>.debug_info</name>
         <load_address>0x11fd5</load_address>
         <run_address>0x11fd5</run_address>
         <size>0x28f</size>
         <input_file_ref idref="fl-dd"/>
      </object_component>
      <object_component id="oc-24e">
         <name>.debug_info</name>
         <load_address>0x12264</load_address>
         <run_address>0x12264</run_address>
         <size>0x15a</size>
         <input_file_ref idref="fl-dd"/>
      </object_component>
      <object_component id="oc-35d">
         <name>.debug_info</name>
         <load_address>0x123be</load_address>
         <run_address>0x123be</run_address>
         <size>0x46</size>
         <input_file_ref idref="fl-dd"/>
      </object_component>
      <object_component id="oc-306">
         <name>.debug_info</name>
         <load_address>0x12404</load_address>
         <run_address>0x12404</run_address>
         <size>0x39</size>
         <input_file_ref idref="fl-dd"/>
      </object_component>
      <object_component id="oc-339">
         <name>.debug_info</name>
         <load_address>0x1243d</load_address>
         <run_address>0x1243d</run_address>
         <size>0x115</size>
         <input_file_ref idref="fl-de"/>
      </object_component>
      <object_component id="oc-352">
         <name>.debug_info</name>
         <load_address>0x12552</load_address>
         <run_address>0x12552</run_address>
         <size>0x161</size>
         <input_file_ref idref="fl-df"/>
      </object_component>
      <object_component id="oc-1b5">
         <name>.debug_info</name>
         <load_address>0x126b3</load_address>
         <run_address>0x126b3</run_address>
         <size>0x3ba</size>
         <input_file_ref idref="fl-e0"/>
      </object_component>
      <object_component id="oc-f3">
         <name>.debug_info</name>
         <load_address>0x12a6d</load_address>
         <run_address>0x12a6d</run_address>
         <size>0x33c</size>
         <input_file_ref idref="fl-e0"/>
      </object_component>
      <object_component id="oc-f9">
         <name>.debug_info</name>
         <load_address>0x12da9</load_address>
         <run_address>0x12da9</run_address>
         <size>0x2a9</size>
         <input_file_ref idref="fl-e0"/>
      </object_component>
      <object_component id="oc-d5">
         <name>.debug_info</name>
         <load_address>0x13052</load_address>
         <run_address>0x13052</run_address>
         <size>0x308</size>
         <input_file_ref idref="fl-e0"/>
      </object_component>
      <object_component id="oc-ed">
         <name>.debug_info</name>
         <load_address>0x1335a</load_address>
         <run_address>0x1335a</run_address>
         <size>0x32f</size>
         <input_file_ref idref="fl-e0"/>
      </object_component>
      <object_component id="oc-e1">
         <name>.debug_info</name>
         <load_address>0x13689</load_address>
         <run_address>0x13689</run_address>
         <size>0x2ad</size>
         <input_file_ref idref="fl-e0"/>
      </object_component>
      <object_component id="oc-1cb">
         <name>.debug_info</name>
         <load_address>0x13936</load_address>
         <run_address>0x13936</run_address>
         <size>0x2c8</size>
         <input_file_ref idref="fl-e0"/>
      </object_component>
      <object_component id="oc-111">
         <name>.debug_info</name>
         <load_address>0x13bfe</load_address>
         <run_address>0x13bfe</run_address>
         <size>0x2e8</size>
         <input_file_ref idref="fl-e0"/>
      </object_component>
      <object_component id="oc-105">
         <name>.debug_info</name>
         <load_address>0x13ee6</load_address>
         <run_address>0x13ee6</run_address>
         <size>0x29f</size>
         <input_file_ref idref="fl-e0"/>
      </object_component>
      <object_component id="oc-db">
         <name>.debug_info</name>
         <load_address>0x14185</load_address>
         <run_address>0x14185</run_address>
         <size>0x29d</size>
         <input_file_ref idref="fl-e0"/>
      </object_component>
      <object_component id="oc-270">
         <name>.debug_info</name>
         <load_address>0x14422</load_address>
         <run_address>0x14422</run_address>
         <size>0x26b</size>
         <input_file_ref idref="fl-e0"/>
      </object_component>
      <object_component id="oc-269">
         <name>.debug_info</name>
         <load_address>0x1468d</load_address>
         <run_address>0x1468d</run_address>
         <size>0x297</size>
         <input_file_ref idref="fl-e0"/>
      </object_component>
      <object_component id="oc-1d1">
         <name>.debug_info</name>
         <load_address>0x14924</load_address>
         <run_address>0x14924</run_address>
         <size>0xef</size>
         <input_file_ref idref="fl-e0"/>
      </object_component>
      <object_component id="oc-1b0">
         <name>.debug_info</name>
         <load_address>0x14a13</load_address>
         <run_address>0x14a13</run_address>
         <size>0xbb</size>
         <input_file_ref idref="fl-e0"/>
      </object_component>
      <object_component id="oc-186">
         <name>.debug_info</name>
         <load_address>0x14ace</load_address>
         <run_address>0x14ace</run_address>
         <size>0x213</size>
         <input_file_ref idref="fl-e1"/>
      </object_component>
      <object_component id="oc-1c4">
         <name>.debug_info</name>
         <load_address>0x14ce1</load_address>
         <run_address>0x14ce1</run_address>
         <size>0x21b</size>
         <input_file_ref idref="fl-e1"/>
      </object_component>
      <object_component id="oc-1c1">
         <name>.debug_info</name>
         <load_address>0x14efc</load_address>
         <run_address>0x14efc</run_address>
         <size>0x3b7</size>
         <input_file_ref idref="fl-e2"/>
      </object_component>
      <object_component id="oc-1be">
         <name>.debug_info</name>
         <load_address>0x152b3</load_address>
         <run_address>0x152b3</run_address>
         <size>0x15b</size>
         <input_file_ref idref="fl-e2"/>
      </object_component>
      <object_component id="oc-203">
         <name>.debug_info</name>
         <load_address>0x1540e</load_address>
         <run_address>0x1540e</run_address>
         <size>0x161</size>
         <input_file_ref idref="fl-e2"/>
      </object_component>
      <object_component id="oc-1ff">
         <name>.debug_info</name>
         <load_address>0x1556f</load_address>
         <run_address>0x1556f</run_address>
         <size>0x160</size>
         <input_file_ref idref="fl-e2"/>
      </object_component>
      <object_component id="oc-208">
         <name>.debug_info</name>
         <load_address>0x156cf</load_address>
         <run_address>0x156cf</run_address>
         <size>0x22e</size>
         <input_file_ref idref="fl-e2"/>
      </object_component>
      <object_component id="oc-17b">
         <name>.debug_info</name>
         <load_address>0x158fd</load_address>
         <run_address>0x158fd</run_address>
         <size>0x279</size>
         <input_file_ref idref="fl-e2"/>
      </object_component>
      <object_component id="oc-16f">
         <name>.debug_info</name>
         <load_address>0x15b76</load_address>
         <run_address>0x15b76</run_address>
         <size>0x2ca</size>
         <input_file_ref idref="fl-e2"/>
      </object_component>
      <object_component id="oc-10c">
         <name>.debug_info</name>
         <load_address>0x15e40</load_address>
         <run_address>0x15e40</run_address>
         <size>0x247</size>
         <input_file_ref idref="fl-e2"/>
      </object_component>
      <object_component id="oc-100">
         <name>.debug_info</name>
         <load_address>0x16087</load_address>
         <run_address>0x16087</run_address>
         <size>0x271</size>
         <input_file_ref idref="fl-e2"/>
      </object_component>
      <object_component id="oc-175">
         <name>.debug_info</name>
         <load_address>0x162f8</load_address>
         <run_address>0x162f8</run_address>
         <size>0x273</size>
         <input_file_ref idref="fl-e2"/>
      </object_component>
      <object_component id="oc-1b9">
         <name>.debug_info</name>
         <load_address>0x1656b</load_address>
         <run_address>0x1656b</run_address>
         <size>0x346</size>
         <input_file_ref idref="fl-e3"/>
      </object_component>
      <object_component id="oc-e7">
         <name>.debug_info</name>
         <load_address>0x168b1</load_address>
         <run_address>0x168b1</run_address>
         <size>0x280</size>
         <input_file_ref idref="fl-e3"/>
      </object_component>
      <object_component id="oc-3ae">
         <name>.debug_info</name>
         <load_address>0x16b31</load_address>
         <run_address>0x16b31</run_address>
         <size>0x94</size>
      </object_component>
      <object_component id="oc-15d">
         <name>.debug_line</name>
         <load_address>0x0</load_address>
         <run_address>0x0</run_address>
         <size>0xc8</size>
         <input_file_ref idref="fl-2"/>
      </object_component>
      <object_component id="oc-1fb">
         <name>.debug_line</name>
         <load_address>0xc8</load_address>
         <run_address>0xc8</run_address>
         <size>0x56</size>
         <input_file_ref idref="fl-2"/>
      </object_component>
      <object_component id="oc-1fd">
         <name>.debug_line</name>
         <load_address>0x11e</load_address>
         <run_address>0x11e</run_address>
         <size>0x56</size>
         <input_file_ref idref="fl-2"/>
      </object_component>
      <object_component id="oc-20e">
         <name>.debug_line</name>
         <load_address>0x174</load_address>
         <run_address>0x174</run_address>
         <size>0x56</size>
         <input_file_ref idref="fl-2"/>
      </object_component>
      <object_component id="oc-213">
         <name>.debug_line</name>
         <load_address>0x1ca</load_address>
         <run_address>0x1ca</run_address>
         <size>0x58</size>
         <input_file_ref idref="fl-2"/>
      </object_component>
      <object_component id="oc-217">
         <name>.debug_line</name>
         <load_address>0x222</load_address>
         <run_address>0x222</run_address>
         <size>0x58</size>
         <input_file_ref idref="fl-2"/>
      </object_component>
      <object_component id="oc-210">
         <name>.debug_line</name>
         <load_address>0x27a</load_address>
         <run_address>0x27a</run_address>
         <size>0x58</size>
         <input_file_ref idref="fl-2"/>
      </object_component>
      <object_component id="oc-215">
         <name>.debug_line</name>
         <load_address>0x2d2</load_address>
         <run_address>0x2d2</run_address>
         <size>0x58</size>
         <input_file_ref idref="fl-2"/>
      </object_component>
      <object_component id="oc-cc">
         <name>.debug_line</name>
         <load_address>0x32a</load_address>
         <run_address>0x32a</run_address>
         <size>0x1310</size>
         <input_file_ref idref="fl-2"/>
      </object_component>
      <object_component id="oc-160">
         <name>.debug_line</name>
         <load_address>0x163a</load_address>
         <run_address>0x163a</run_address>
         <size>0x58</size>
         <input_file_ref idref="fl-2"/>
      </object_component>
      <object_component id="oc-73">
         <name>.debug_line</name>
         <load_address>0x1692</load_address>
         <run_address>0x1692</run_address>
         <size>0x6f</size>
         <input_file_ref idref="fl-2"/>
      </object_component>
      <object_component id="oc-b5">
         <name>.debug_line</name>
         <load_address>0x1701</load_address>
         <run_address>0x1701</run_address>
         <size>0x20</size>
         <input_file_ref idref="fl-2"/>
      </object_component>
      <object_component id="oc-b0">
         <name>.debug_line</name>
         <load_address>0x1721</load_address>
         <run_address>0x1721</run_address>
         <size>0x73</size>
         <input_file_ref idref="fl-2"/>
      </object_component>
      <object_component id="oc-165">
         <name>.debug_line</name>
         <load_address>0x1794</load_address>
         <run_address>0x1794</run_address>
         <size>0x6f</size>
         <input_file_ref idref="fl-2"/>
      </object_component>
      <object_component id="oc-78">
         <name>.debug_line</name>
         <load_address>0x1803</load_address>
         <run_address>0x1803</run_address>
         <size>0x70</size>
         <input_file_ref idref="fl-2"/>
      </object_component>
      <object_component id="oc-1ad">
         <name>.debug_line</name>
         <load_address>0x1873</load_address>
         <run_address>0x1873</run_address>
         <size>0x6b</size>
         <input_file_ref idref="fl-2"/>
      </object_component>
      <object_component id="oc-1d9">
         <name>.debug_line</name>
         <load_address>0x18de</load_address>
         <run_address>0x18de</run_address>
         <size>0x150</size>
         <input_file_ref idref="fl-3"/>
      </object_component>
      <object_component id="oc-1d7">
         <name>.debug_line</name>
         <load_address>0x1a2e</load_address>
         <run_address>0x1a2e</run_address>
         <size>0x2d</size>
         <input_file_ref idref="fl-3"/>
      </object_component>
      <object_component id="oc-9f">
         <name>.debug_line</name>
         <load_address>0x1a5b</load_address>
         <run_address>0x1a5b</run_address>
         <size>0x105</size>
         <input_file_ref idref="fl-3"/>
      </object_component>
      <object_component id="oc-6f">
         <name>.debug_line</name>
         <load_address>0x1b60</load_address>
         <run_address>0x1b60</run_address>
         <size>0x41</size>
         <input_file_ref idref="fl-4"/>
      </object_component>
      <object_component id="oc-2e">
         <name>.debug_line</name>
         <load_address>0x1ba1</load_address>
         <run_address>0x1ba1</run_address>
         <size>0x41</size>
         <input_file_ref idref="fl-4"/>
      </object_component>
      <object_component id="oc-2b">
         <name>.debug_line</name>
         <load_address>0x1be2</load_address>
         <run_address>0x1be2</run_address>
         <size>0xa1</size>
         <input_file_ref idref="fl-4"/>
      </object_component>
      <object_component id="oc-39">
         <name>.debug_line</name>
         <load_address>0x1c83</load_address>
         <run_address>0x1c83</run_address>
         <size>0x20</size>
         <input_file_ref idref="fl-4"/>
      </object_component>
      <object_component id="oc-268">
         <name>.debug_line</name>
         <load_address>0x1ca3</load_address>
         <run_address>0x1ca3</run_address>
         <size>0x2d</size>
         <input_file_ref idref="fl-bf"/>
      </object_component>
      <object_component id="oc-d2">
         <name>.debug_line</name>
         <load_address>0x1cd0</load_address>
         <run_address>0x1cd0</run_address>
         <size>0x4b</size>
         <input_file_ref idref="fl-bf"/>
      </object_component>
      <object_component id="oc-19e">
         <name>.debug_line</name>
         <load_address>0x1d1b</load_address>
         <run_address>0x1d1b</run_address>
         <size>0x4b</size>
         <input_file_ref idref="fl-bf"/>
      </object_component>
      <object_component id="oc-1a3">
         <name>.debug_line</name>
         <load_address>0x1d66</load_address>
         <run_address>0x1d66</run_address>
         <size>0x3f</size>
         <input_file_ref idref="fl-bf"/>
      </object_component>
      <object_component id="oc-316">
         <name>.debug_line</name>
         <load_address>0x1da5</load_address>
         <run_address>0x1da5</run_address>
         <size>0x91</size>
         <input_file_ref idref="fl-bf"/>
      </object_component>
      <object_component id="oc-3f">
         <name>.debug_line</name>
         <load_address>0x1e36</load_address>
         <run_address>0x1e36</run_address>
         <size>0x88</size>
         <input_file_ref idref="fl-c0"/>
      </object_component>
      <object_component id="oc-c5">
         <name>.debug_line</name>
         <load_address>0x1ebe</load_address>
         <run_address>0x1ebe</run_address>
         <size>0x92</size>
         <input_file_ref idref="fl-c1"/>
      </object_component>
      <object_component id="oc-4a">
         <name>.debug_line</name>
         <load_address>0x1f50</load_address>
         <run_address>0x1f50</run_address>
         <size>0x56</size>
         <input_file_ref idref="fl-c1"/>
      </object_component>
      <object_component id="oc-8c">
         <name>.debug_line</name>
         <load_address>0x1fa6</load_address>
         <run_address>0x1fa6</run_address>
         <size>0x34</size>
         <input_file_ref idref="fl-c1"/>
      </object_component>
      <object_component id="oc-c2">
         <name>.debug_line</name>
         <load_address>0x1fda</load_address>
         <run_address>0x1fda</run_address>
         <size>0x92</size>
         <input_file_ref idref="fl-c1"/>
      </object_component>
      <object_component id="oc-87">
         <name>.debug_line</name>
         <load_address>0x206c</load_address>
         <run_address>0x206c</run_address>
         <size>0x20</size>
         <input_file_ref idref="fl-c2"/>
      </object_component>
      <object_component id="oc-1c">
         <name>.debug_line</name>
         <load_address>0x208c</load_address>
         <run_address>0x208c</run_address>
         <size>0x55</size>
         <input_file_ref idref="fl-c2"/>
      </object_component>
      <object_component id="oc-44">
         <name>.debug_line</name>
         <load_address>0x20e1</load_address>
         <run_address>0x20e1</run_address>
         <size>0x3a</size>
         <input_file_ref idref="fl-c2"/>
      </object_component>
      <object_component id="oc-84">
         <name>.debug_line</name>
         <load_address>0x211b</load_address>
         <run_address>0x211b</run_address>
         <size>0x92</size>
         <input_file_ref idref="fl-c2"/>
      </object_component>
      <object_component id="oc-be">
         <name>.debug_line</name>
         <load_address>0x21ad</load_address>
         <run_address>0x21ad</run_address>
         <size>0x20</size>
         <input_file_ref idref="fl-c3"/>
      </object_component>
      <object_component id="oc-1a">
         <name>.debug_line</name>
         <load_address>0x21cd</load_address>
         <run_address>0x21cd</run_address>
         <size>0xa9</size>
         <input_file_ref idref="fl-c3"/>
      </object_component>
      <object_component id="oc-34">
         <name>.debug_line</name>
         <load_address>0x2276</load_address>
         <run_address>0x2276</run_address>
         <size>0x3a</size>
         <input_file_ref idref="fl-c3"/>
      </object_component>
      <object_component id="oc-bb">
         <name>.debug_line</name>
         <load_address>0x22b0</load_address>
         <run_address>0x22b0</run_address>
         <size>0x9a</size>
         <input_file_ref idref="fl-c3"/>
      </object_component>
      <object_component id="oc-7d">
         <name>.debug_line</name>
         <load_address>0x234a</load_address>
         <run_address>0x234a</run_address>
         <size>0x96</size>
         <input_file_ref idref="fl-c3"/>
      </object_component>
      <object_component id="oc-6c">
         <name>.debug_line</name>
         <load_address>0x23e0</load_address>
         <run_address>0x23e0</run_address>
         <size>0x33</size>
         <input_file_ref idref="fl-c4"/>
      </object_component>
      <object_component id="oc-5a">
         <name>.debug_line</name>
         <load_address>0x2413</load_address>
         <run_address>0x2413</run_address>
         <size>0x45</size>
         <input_file_ref idref="fl-c4"/>
      </object_component>
      <object_component id="oc-312">
         <name>.debug_line</name>
         <load_address>0x2458</load_address>
         <run_address>0x2458</run_address>
         <size>0x264</size>
         <input_file_ref idref="fl-c5"/>
      </object_component>
      <object_component id="oc-228">
         <name>.debug_line</name>
         <load_address>0x26bc</load_address>
         <run_address>0x26bc</run_address>
         <size>0x7a</size>
         <input_file_ref idref="fl-c5"/>
      </object_component>
      <object_component id="oc-2d9">
         <name>.debug_line</name>
         <load_address>0x2736</load_address>
         <run_address>0x2736</run_address>
         <size>0x51</size>
         <input_file_ref idref="fl-c5"/>
      </object_component>
      <object_component id="oc-2df">
         <name>.debug_line</name>
         <load_address>0x2787</load_address>
         <run_address>0x2787</run_address>
         <size>0x88</size>
         <input_file_ref idref="fl-c5"/>
      </object_component>
      <object_component id="oc-233">
         <name>.debug_line</name>
         <load_address>0x280f</load_address>
         <run_address>0x280f</run_address>
         <size>0x14d</size>
         <input_file_ref idref="fl-c5"/>
      </object_component>
      <object_component id="oc-2e6">
         <name>.debug_line</name>
         <load_address>0x295c</load_address>
         <run_address>0x295c</run_address>
         <size>0xee</size>
         <input_file_ref idref="fl-c5"/>
      </object_component>
      <object_component id="oc-2e9">
         <name>.debug_line</name>
         <load_address>0x2a4a</load_address>
         <run_address>0x2a4a</run_address>
         <size>0x5d</size>
         <input_file_ref idref="fl-c5"/>
      </object_component>
      <object_component id="oc-236">
         <name>.debug_line</name>
         <load_address>0x2aa7</load_address>
         <run_address>0x2aa7</run_address>
         <size>0x5c</size>
         <input_file_ref idref="fl-c5"/>
      </object_component>
      <object_component id="oc-23f">
         <name>.debug_line</name>
         <load_address>0x2b03</load_address>
         <run_address>0x2b03</run_address>
         <size>0xae</size>
         <input_file_ref idref="fl-c5"/>
      </object_component>
      <object_component id="oc-245">
         <name>.debug_line</name>
         <load_address>0x2bb1</load_address>
         <run_address>0x2bb1</run_address>
         <size>0x1b0</size>
         <input_file_ref idref="fl-c5"/>
      </object_component>
      <object_component id="oc-19a">
         <name>.debug_line</name>
         <load_address>0x2d61</load_address>
         <run_address>0x2d61</run_address>
         <size>0x76f</size>
         <input_file_ref idref="fl-c5"/>
      </object_component>
      <object_component id="oc-25e">
[...]
         <value>0x1cb1</value>
         <object_component_ref idref="oc-c8"/>
      </symbol>
      <symbol id="sm-291">
         <name>GPIOPinTypeUART</name>
         <value>0xcb1</value>
         <object_component_ref idref="oc-c8"/>
      </symbol>
      <symbol id="sm-292">
         <name>SysCtlResetBehaviorSet</name>
         <value>0x1485</value>
         <object_component_ref idref="oc-c8"/>
      </symbol>
      <symbol id="sm-293">
         <name>SysCtlReset</name>
         <value>0x13d9</value>
         <object_component_ref idref="oc-c8"/>
      </symbol>
      <symbol id="sm-294">
         <name>GPIOIntRegisterPin</name>
         <value>0x92d</value>
         <object_component_ref idref="oc-c8"/>
      </symbol>
      <symbol id="sm-295">
         <name>GPIOIntStatus</name>
         <value>0x8bf</value>
         <object_component_ref idref="oc-c8"/>
      </symbol>
      <symbol id="sm-296">
         <name>GPIOPinTypeDIVSCLK</name>
         <value>0xa47</value>
         <object_component_ref idref="oc-c8"/>
      </symbol>
      <symbol id="sm-297">
         <name>GPIOPinTypeGPIOOutput</name>
         <value>0xafb</value>
         <object_component_ref idref="oc-c8"/>
      </symbol>
      <symbol id="sm-298">
         <name>GPIOIntTypeGet</name>
         <value>0x417</value>
         <object_component_ref idref="oc-c8"/>
      </symbol>
      <symbol id="sm-299">
         <name>GPIOPinRead</name>
         <value>0x97f</value>
         <object_component_ref idref="oc-c8"/>
      </symbol>
      <symbol id="sm-29a">
         <name>GPIODirModeSet</name>
         <value>0x2cb</value>
         <object_component_ref idref="oc-c8"/>
      </symbol>
      <symbol id="sm-29b">
         <name>SysCtlGPIOAHBDisable</name>
         <value>0x1c43</value>
         <object_component_ref idref="oc-c8"/>
      </symbol>
      <symbol id="sm-29c">
         <name>SysCtlSRAMSizeGet</name>
         <value>0xf35</value>
         <object_component_ref idref="oc-c8"/>
      </symbol>
      <symbol id="sm-29d">
         <name>SysCtlClockGet</name>
         <value>0x19ad</value>
         <object_component_ref idref="oc-c8"/>
      </symbol>
      <symbol id="sm-29e">
         <name>SysCtlPeripheralDisable</name>
         <value>0x1159</value>
         <object_component_ref idref="oc-c8"/>
      </symbol>
      <symbol id="sm-29f">
         <name>GPIOPinTypeQEI</name>
         <value>0xc21</value>
         <object_component_ref idref="oc-c8"/>
      </symbol>
      <symbol id="sm-2a0">
         <name>GPIOPinTypeHibernateRTCCLK</name>
         <value>0xb49</value>
         <object_component_ref idref="oc-c8"/>
      </symbol>
      <symbol id="sm-2a1">
         <name>GPIODMATriggerEnable</name>
         <value>0xdd7</value>
         <object_component_ref idref="oc-c8"/>
      </symbol>
      <symbol id="sm-2a2">
         <name>GPIOPinTypeEthernetMII</name>
         <value>0xab3</value>
         <object_component_ref idref="oc-c8"/>
      </symbol>
      <symbol id="sm-2a3">
         <name>GPIOPinWrite</name>
         <value>0x997</value>
         <object_component_ref idref="oc-c8"/>
      </symbol>
      <symbol id="sm-2a4">
         <name>SysCtlPWMClockSet</name>
         <value>0x1bf7</value>
         <object_component_ref idref="oc-c8"/>
      </symbol>
      <symbol id="sm-2a5">
         <name>GPIOPadConfigSet</name>
         <value>0x4a1</value>
         <object_component_ref idref="oc-c8"/>
      </symbol>
      <symbol id="sm-2a6">
         <name>GPIOPinTypeLCD</name>
         <value>0xbb5</value>
         <object_component_ref idref="oc-c8"/>
      </symbol>
      <symbol id="sm-2a7">
         <name>GPIOPinTypeSSI</name>
         <value>0xc45</value>
         <object_component_ref idref="oc-c8"/>
      </symbol>
      <symbol id="sm-2a8">
         <name>SysCtlUSBPLLEnable</name>
         <value>0x1c5f</value>
         <object_component_ref idref="oc-c8"/>
      </symbol>
      <symbol id="sm-2a9">
         <name>SysCtlPeripheralSleepEnable</name>
         <value>0x119d</value>
         <object_component_ref idref="oc-c8"/>
      </symbol>
      <symbol id="sm-2aa">
         <name>SysCtlIntUnregister</name>
         <value>0x1321</value>
         <object_component_ref idref="oc-c8"/>
      </symbol>
      <symbol id="sm-2ab">
         <name>GPIOPinTypeTimer</name>
         <value>0xc69</value>
         <object_component_ref idref="oc-c8"/>
      </symbol>
      <symbol id="sm-2ac">
         <name>GPIOPinTypeCAN</name>
         <value>0x9db</value>
         <object_component_ref idref="oc-c8"/>
      </symbol>
      <symbol id="sm-2ad">
         <name>SysCtlUSBPLLDisable</name>
         <value>0x1c6b</value>
         <object_component_ref idref="oc-c8"/>
      </symbol>
      <symbol id="sm-2ae">
         <name>SysCtlPeripheralReady</name>
         <value>0xfd1</value>
         <object_component_ref idref="oc-c8"/>
      </symbol>
      <symbol id="sm-2af">
         <name>SysCtlPIOSCCalibrate</name>
         <value>0x1435</value>
         <object_component_ref idref="oc-c8"/>
      </symbol>
      <symbol id="sm-2b0">
         <name>SysCtlResetCauseClear</name>
         <value>0x140b</value>
         <object_component_ref idref="oc-c8"/>
      </symbol>
      <symbol id="sm-2b1">
         <name>SysCtlLDOSleepGet</name>
         <value>0x1399</value>
         <object_component_ref idref="oc-c8"/>
      </symbol>
      <symbol id="sm-2b2">
         <name>SysCtlClockFreqSet</name>
         <value>0x14e5</value>
         <object_component_ref idref="oc-c8"/>
      </symbol>
      <symbol id="sm-2b3">
         <name>LcdSendData</name>
         <value>0x1e59</value>
         <object_component_ref idref="oc-c8"/>
      </symbol>
      <symbol id="sm-2b4">
         <name>SysCtlPeripheralReset</name>
         <value>0x1091</value>
         <object_component_ref idref="oc-c8"/>
      </symbol>
      <symbol id="sm-2b5">
         <name>GPIOPinTypeEPI</name>
         <value>0xa6b</value>
         <object_component_ref idref="oc-c8"/>
      </symbol>
      <symbol id="sm-2b6">
         <name>LcdClear</name>
         <value>0x1f6b</value>
         <object_component_ref idref="oc-c8"/>
      </symbol>
      <symbol id="sm-2b7">
         <name>GPIOPinTypeEthernetLED</name>
         <value>0xa8f</value>
         <object_component_ref idref="oc-c8"/>
      </symbol>
      <symbol id="sm-2b8">
         <name>GPIOUnlockPin</name>
         <value>0xe4f</value>
         <object_component_ref idref="oc-c8"/>
      </symbol>
      <symbol id="sm-2b9">
         <name>GPIOPinWakeStatus</name>
         <value>0xd69</value>
         <object_component_ref idref="oc-c8"/>
      </symbol>
      <symbol id="sm-2ba">
         <name>LcdFuncSet</name>
         <value>0x1f89</value>
         <object_component_ref idref="oc-c8"/>
      </symbol>
      <symbol id="sm-2f6">
         <name>arr</name>
         <value>0x20000470</value>
      </symbol>
      <symbol id="sm-2f7">
         <name>sec</name>
         <value>0x2000047f</value>
         <object_component_ref idref="oc-116"/>
      </symbol>
      <symbol id="sm-2f8">
         <name>InitSystick</name>
         <value>0x2e55</value>
         <object_component_ref idref="oc-9b"/>
      </symbol>
      <symbol id="sm-2f9">
         <name>hour</name>
         <value>0x2000047d</value>
         <object_component_ref idref="oc-116"/>
      </symbol>
      <symbol id="sm-2fa">
         <name>Init</name>
         <value>0x2e37</value>
         <object_component_ref idref="oc-9b"/>
      </symbol>
      <symbol id="sm-2fb">
         <name>val</name>
         <value>0x2000047c</value>
         <object_component_ref idref="oc-116"/>
      </symbol>
      <symbol id="sm-2fc">
         <name>SysTickIRQHandler</name>
         <value>0x2daf</value>
         <object_component_ref idref="oc-9b"/>
      </symbol>
      <symbol id="sm-2fd">
         <name>main</name>
         <value>0x2d59</value>
         <object_component_ref idref="oc-9b"/>
      </symbol>
      <symbol id="sm-2fe">
         <name>ADC0SS3IRQHandler</name>
         <value>0x2d91</value>
         <object_component_ref idref="oc-9b"/>
      </symbol>
      <symbol id="sm-2ff">
         <name>ADC_data</name>
         <value>0x20000480</value>
         <object_component_ref idref="oc-116"/>
      </symbol>
      <symbol id="sm-300">
         <name>min</name>
         <value>0x2000047e</value>
         <object_component_ref idref="oc-116"/>
      </symbol>
      <symbol id="sm-301">
         <name>ADCInit</name>
         <value>0x2e71</value>
         <object_component_ref idref="oc-9b"/>
      </symbol>
      <symbol id="sm-322">
         <name>ResetISR</name>
         <value>0x4367</value>
         <object_component_ref idref="oc-27"/>
      </symbol>
      <symbol id="sm-323">
         <name>g_pfnVectors</name>
         <value>0x0</value>
         <object_component_ref idref="oc-12"/>
      </symbol>
      <symbol id="sm-34a">
         <name>sprintf</name>
         <value>0x40e5</value>
         <object_component_ref idref="oc-ce"/>
      </symbol>
      <symbol id="sm-365">
         <name>memcpy</name>
         <value>0x3933</value>
         <object_component_ref idref="oc-3b"/>
      </symbol>
      <symbol id="sm-366">
         <name>__aeabi_memcpy</name>
         <value>0x3933</value>
         <object_component_ref idref="oc-3b"/>
      </symbol>
      <symbol id="sm-367">
         <name>__aeabi_memcpy8</name>
         <value>0x3933</value>
         <object_component_ref idref="oc-3b"/>
      </symbol>
      <symbol id="sm-368">
         <name>__aeabi_memcpy4</name>
         <value>0x3933</value>
         <object_component_ref idref="oc-3b"/>
      </symbol>
      <symbol id="sm-381">
         <name>__TI_zero_init_nomemset</name>
         <value>0x4235</value>
         <object_component_ref idref="oc-47"/>
      </symbol>
      <symbol id="sm-398">
         <name>__TI_decompress_none</name>
         <value>0x434d</value>
         <object_component_ref idref="oc-1b"/>
      </symbol>
      <symbol id="sm-3bb">
         <name>__TI_decompress_lzss</name>
         <value>0x3da5</value>
         <object_component_ref idref="oc-15"/>
      </symbol>
      <symbol id="sm-3ce">
         <name>__stack</name>
         <value>0x20000270</value>
         <object_component_ref idref="oc-24"/>
      </symbol>
      <symbol id="sm-3cf">
         <name>_c_int00_noargs</name>
         <value>0x4199</value>
         <object_component_ref idref="oc-59"/>
      </symbol>
      <symbol id="sm-534">
         <name>__TI_printfi</name>
         <value>0x2099</value>
         <object_component_ref idref="oc-196"/>
      </symbol>
      <symbol id="sm-543">
         <name>__aeabi_memset</name>
         <value>0x3bed</value>
         <object_component_ref idref="oc-8f"/>
      </symbol>
      <symbol id="sm-544">
         <name>memset</name>
         <value>0x3bf3</value>
         <object_component_ref idref="oc-8f"/>
      </symbol>
      <symbol id="sm-545">
         <name>__aeabi_memset8</name>
         <value>0x3bed</value>
         <object_component_ref idref="oc-8f"/>
      </symbol>
      <symbol id="sm-546">
         <name>__aeabi_memset4</name>
         <value>0x3bed</value>
         <object_component_ref idref="oc-8f"/>
      </symbol>
      <symbol id="sm-547">
         <name>__aeabi_memclr8</name>
         <value>0x3beb</value>
         <object_component_ref idref="oc-8f"/>
      </symbol>
      <symbol id="sm-548">
         <name>__aeabi_memclr4</name>
         <value>0x3beb</value>
         <object_component_ref idref="oc-8f"/>
      </symbol>
      <symbol id="sm-549">
         <name>__aeabi_memclr</name>
         <value>0x3beb</value>
         <object_component_ref idref="oc-8f"/>
      </symbol>
      <symbol id="sm-560">
         <name>__aeabi_dsub</name>
         <value>0x3125</value>
         <object_component_ref idref="oc-2d0"/>
      </symbol>
      <symbol id="sm-561">
         <name>__aeabi_dadd</name>
         <value>0x312f</value>
         <object_component_ref idref="oc-2d0"/>
      </symbol>
      <symbol id="sm-583">
         <name>__aeabi_cdcmpeq</name>
         <value>0x3a65</value>
         <object_component_ref idref="oc-22a"/>
      </symbol>
      <symbol id="sm-584">
         <name>__aeabi_cdcmple</name>
         <value>0x3a65</value>
         <object_component_ref idref="oc-22a"/>
      </symbol>
      <symbol id="sm-585">
         <name>__aeabi_cdrcmple</name>
         <value>0x3aeb</value>
         <object_component_ref idref="oc-2bb"/>
      </symbol>
      <symbol id="sm-599">
         <name>__aeabi_ddiv</name>
         <value>0x3419</value>
         <object_component_ref idref="oc-2b6"/>
      </symbol>
      <symbol id="sm-5a4">
         <name>__aeabi_dmul</name>
         <value>0x3785</value>
         <object_component_ref idref="oc-2b1"/>
      </symbol>
      <symbol id="sm-5ae">
         <name>__aeabi_d2iz</name>
         <value>0x4059</value>
         <object_component_ref idref="oc-2c0"/>
      </symbol>
      <symbol id="sm-5b8">
         <name>__aeabi_i2d</name>
         <value>0x41cd</value>
         <object_component_ref idref="oc-2cb"/>
      </symbol>
      <symbol id="sm-5c5">
         <name>__aeabi_uldivmod</name>
         <value>0x39cf</value>
         <object_component_ref idref="oc-2aa"/>
      </symbol>
      <symbol id="sm-5ed">
         <name>__TI_auto_init_nobinit_nopinit</name>
         <value>0x40a1</value>
         <object_component_ref idref="oc-12a"/>
      </symbol>
      <symbol id="sm-5f7">
         <name>_system_pre_init</name>
         <value>0x439b</value>
         <object_component_ref idref="oc-95"/>
      </symbol>
      <symbol id="sm-603">
         <name>C$$EXIT</name>
         <value>0x439f</value>
         <object_component_ref idref="oc-11e"/>
      </symbol>
      <symbol id="sm-604">
         <name>abort</name>
         <value>0x439f</value>
         <object_component_ref idref="oc-11e"/>
      </symbol>
      <symbol id="sm-614">
         <name>__TI_ltoa</name>
         <value>0x3ec7</value>
         <object_component_ref idref="oc-2c5"/>
      </symbol>
      <symbol id="sm-62b">
         <name>atoi</name>
         <value>0x400d</value>
         <object_component_ref idref="oc-21e"/>
      </symbol>
      <symbol id="sm-636">
         <name>_ctypes_</name>
         <value>0x4554</value>
         <object_component_ref idref="oc-2a5"/>
      </symbol>
      <symbol id="sm-646">
         <name>memccpy</name>
         <value>0x4251</value>
         <object_component_ref idref="oc-247"/>
      </symbol>
      <symbol id="sm-656">
         <name>strchr</name>
         <value>0x42cf</value>
         <object_component_ref idref="oc-2fc"/>
      </symbol>
      <symbol id="sm-664">
         <name>strlen</name>
         <value>0x42f9</value>
         <object_component_ref idref="oc-218"/>
      </symbol>
      <symbol id="sm-67a">
         <name>__aeabi_errno_addr</name>
         <value>0x4389</value>
         <object_component_ref idref="oc-253"/>
      </symbol>
      <symbol id="sm-67b">
         <name>errno</name>
         <value>0x20000484</value>
         <object_component_ref idref="oc-30c"/>
      </symbol>
      <symbol id="sm-69b">
         <name>frexpl</name>
         <value>0x3e0d</value>
         <object_component_ref idref="oc-2f0"/>
      </symbol>
      <symbol id="sm-69c">
         <name>frexp</name>
         <value>0x3e0d</value>
         <object_component_ref idref="oc-2f0"/>
      </symbol>
      <symbol id="sm-6b9">
         <name>scalbn</name>
         <value>0x3675</value>
         <object_component_ref idref="oc-2f6"/>
      </symbol>
      <symbol id="sm-6ba">
         <name>scalbnl</name>
         <value>0x3675</value>
         <object_component_ref idref="oc-2f6"/>
      </symbol>
      <symbol id="sm-6bb">
         <name>ldexpl</name>
         <value>0x3675</value>
         <object_component_ref idref="oc-2f6"/>
      </symbol>
      <symbol id="sm-6bc">
         <name>ldexp</name>
         <value>0x3675</value>
         <object_component_ref idref="oc-2f6"/>
      </symbol>
      <symbol id="sm-6d5">
         <name>wcslen</name>
         <value>0x430d</value>
         <object_component_ref idref="oc-24d"/>
      </symbol>
      <symbol id="sm-6df">
         <name>__aeabi_idiv0</name>
         <value>0x32db</value>
         <object_component_ref idref="oc-338"/>
      </symbol>
      <symbol id="sm-6e0">
         <name>__aeabi_ldiv0</name>
         <value>0x32db</value>
         <object_component_ref idref="oc-338"/>
      </symbol>
      <symbol id="sm-6ea">
         <name>copysign</name>
         <value>0x426d</value>
         <object_component_ref idref="oc-351"/>
      </symbol>
      <symbol id="sm-6eb">
         <name>copysignl</name>
         <value>0x426d</value>
         <object_component_ref idref="oc-351"/>
      </symbol>
      <symbol id="sm-75d">
         <name>ADCProcessorTrigger</name>
         <value>0x429f</value>
         <object_component_ref idref="oc-e0"/>
      </symbol>
      <symbol id="sm-75e">
         <name>ADCSequenceEnable</name>
         <value>0x433f</value>
         <object_component_ref idref="oc-f8"/>
      </symbol>
      <symbol id="sm-75f">
         <name>ADCSequenceConfigure</name>
         <value>0x3fbd</value>
         <object_component_ref idref="oc-ec"/>
      </symbol>
      <symbol id="sm-760">
         <name>ADCIntEnable</name>
         <value>0x431f</value>
         <object_component_ref idref="oc-104"/>
      </symbol>
      <symbol id="sm-761">
         <name>ADCSequenceStepConfigure</name>
         <value>0x3b71</value>
         <object_component_ref idref="oc-f2"/>
      </symbol>
      <symbol id="sm-762">
         <name>ADCIntClear</name>
         <value>0x4373</value>
         <object_component_ref idref="oc-da"/>
      </symbol>
      <symbol id="sm-763">
         <name>ADCIntRegister</name>
         <value>0x4287</value>
         <object_component_ref idref="oc-110"/>
      </symbol>
      <symbol id="sm-764">
         <name>ADCSequenceDataGet</name>
         <value>0x41fb</value>
         <object_component_ref idref="oc-d4"/>
      </symbol>
      <symbol id="sm-776">
         <name>CPUcpsie</name>
         <value>0x435b</value>
         <object_component_ref idref="oc-1c3"/>
      </symbol>
      <symbol id="sm-777">
         <name>CPUwfi</name>
         <value>0x4397</value>
         <object_component_ref idref="oc-185"/>
      </symbol>
      <symbol id="sm-7e0">
         <name>IntEnable</name>
         <value>0x3d3d</value>
         <object_component_ref idref="oc-fe"/>
      </symbol>
      <symbol id="sm-7e1">
         <name>IntDisable</name>
         <value>0x3cd5</value>
         <object_component_ref idref="oc-173"/>
      </symbol>
      <symbol id="sm-7e2">
         <name>IntRegister</name>
         <value>0x4165</value>
         <object_component_ref idref="oc-16d"/>
      </symbol>
      <symbol id="sm-7e3">
         <name>IntUnregister</name>
         <value>0x42e5</value>
         <object_component_ref idref="oc-179"/>
      </symbol>
      <symbol id="sm-7e4">
         <name>g_pfnRAMVectors</name>
         <value>0x20000000</value>
         <object_component_ref idref="oc-1fe"/>
      </symbol>
      <symbol id="sm-7e5">
         <name>IntMasterEnable</name>
         <value>0x432f</value>
         <object_component_ref idref="oc-10a"/>
      </symbol>
      <symbol id="sm-7f4">
         <name>SysTickIntRegister</name>
         <value>0x4219</value>
         <object_component_ref idref="oc-e6"/>
      </symbol>
      <symbol id="sm-7f5">
         <name>__TI_static_base__</name>
         <value>0x0</value>
      </symbol>
      <symbol id="sm-7f8">
         <name>__mpu_init</name>
         <value>0x0</value>
      </symbol>
      <symbol id="sm-7f9">
         <name>_system_post_cinit</name>
         <value>0x0</value>
      </symbol>
   </symbol_table>
   <title>Link successful</title>
</link_info>
