<?xml version="1.0" encoding="ISO-8859-1" ?>
<link_info>
   <banner>TI ARM Linker PC v20.2.1.LTS</banner>
   <copyright>Copyright (c) 1996-2018 Texas Instruments Incorporated</copyright>
   <link_time>0x5fd8f88e</link_time>
   <link_errors>0x0</link_errors>
   <output_file>HW5-LCD-ADC-UART.out</output_file>
   <entry_point>
      <name>_c_int00_noargs</name>
      <address>0x4581</address>
   </entry_point>
   <input_file_list>
      <input_file id="fl-2">
         <path>.\</path>
         <kind>object</kind>
         <file>Lcd.obj</file>
         <name>Lcd.obj</name>
      </input_file>
      <input_file id="fl-3">
         <path>.\</path>
         <kind>object</kind>
         <file>main.obj</file>
         <name>main.obj</name>
      </input_file>
      <input_file id="fl-4">
         <path>.\</path>
         <kind>object</kind>
         <file>tm4c123gh6pm_startup_ccs.obj</file>
         <name>tm4c123gh6pm_startup_ccs.obj</name>
      </input_file>
      <input_file id="fl-9">
         <kind>object</kind>
         <file>&lt;internal&gt;</file>
         <name>&lt;internal&gt;</name>
      </input_file>
      <input_file id="fl-bf">
         <path>C:\ti\ccs1011\ccs\tools\compiler\ti-cgt-arm_20.2.1.LTS\lib\</path>
         <kind>archive</kind>
         <file>rtsv7M4_T_le_v4SPD16_eabi.lib</file>
         <name>sprintf.c.obj</name>
      </input_file>
      <input_file id="fl-c0">
         <path>C:\ti\ccs1011\ccs\tools\compiler\ti-cgt-arm_20.2.1.LTS\lib\</path>
         <kind>archive</kind>
         <file>rtsv7M4_T_le_v4SPD16_eabi.lib</file>
         <name>memcpy_t2.asm.obj</name>
      </input_file>
      <input_file id="fl-c1">
         <path>C:\ti\ccs1011\ccs\tools\compiler\ti-cgt-arm_20.2.1.LTS\lib\</path>
         <kind>archive</kind>
         <file>rtsv7M4_T_le_v4SPD16_eabi.lib</file>
         <name>copy_zero_init.c.obj</name>
      </input_file>
      <input_file id="fl-c2">
         <path>C:\ti\ccs1011\ccs\tools\compiler\ti-cgt-arm_20.2.1.LTS\lib\</path>
         <kind>archive</kind>
         <file>rtsv7M4_T_le_v4SPD16_eabi.lib</file>
         <name>copy_decompress_none.c.obj</name>
      </input_file>
      <input_file id="fl-c3">
         <path>C:\ti\ccs1011\ccs\tools\compiler\ti-cgt-arm_20.2.1.LTS\lib\</path>
         <kind>archive</kind>
         <file>rtsv7M4_T_le_v4SPD16_eabi.lib</file>
         <name>copy_decompress_lzss.c.obj</name>
      </input_file>
      <input_file id="fl-c4">
         <path>C:\ti\ccs1011\ccs\tools\compiler\ti-cgt-arm_20.2.1.LTS\lib\</path>
         <kind>archive</kind>
         <file>rtsv7M4_T_le_v4SPD16_eabi.lib</file>
         <name>boot_cortex_m.c.obj</name>
      </input_file>
      <input_file id="fl-c5">
         <path>C:\ti\ccs1011\ccs\tools\compiler\ti-cgt-arm_20.2.1.LTS\lib\</path>
         <kind>archive</kind>
         <file>rtsv7M4_T_le_v4SPD16_eabi.lib</file>
         <name>_printfi.c.obj</name>
      </input_file>
      <input_file id="fl-c6">
         <path>C:\ti\ccs1011\ccs\tools\compiler\ti-cgt-arm_20.2.1.LTS\lib\</path>
         <kind>archive</kind>
         <file>rtsv7M4_T_le_v4SPD16_eabi.lib</file>
         <name>memset_t2.asm.obj</name>
      </input_file>
      <input_file id="fl-c7">
         <path>C:\ti\ccs1011\ccs\tools\compiler\ti-cgt-arm_20.2.1.LTS\lib\</path>
         <kind>archive</kind>
         <file>rtsv7M4_T_le_v4SPD16_eabi.lib</file>
         <name>fd_add_t2.asm.obj</name>
      </input_file>
      <input_file id="fl-c8">
         <path>C:\ti\ccs1011\ccs\tools\compiler\ti-cgt-arm_20.2.1.LTS\lib\</path>
         <kind>archive</kind>
         <file>rtsv7M4_T_le_v4SPD16_eabi.lib</file>
         <name>fd_cmp_t2.asm.obj</name>
      </input_file>
      <input_file id="fl-c9">
         <path>C:\ti\ccs1011\ccs\tools\compiler\ti-cgt-arm_20.2.1.LTS\lib\</path>
         <kind>archive</kind>
         <file>rtsv7M4_T_le_v4SPD16_eabi.lib</file>
         <name>fd_div_t2.asm.obj</name>
      </input_file>
      <input_file id="fl-ca">
         <path>C:\ti\ccs1011\ccs\tools\compiler\ti-cgt-arm_20.2.1.LTS\lib\</path>
         <kind>archive</kind>
         <file>rtsv7M4_T_le_v4SPD16_eabi.lib</file>
         <name>fd_mul_t2.asm.obj</name>
      </input_file>
      <input_file id="fl-cb">
         <path>C:\ti\ccs1011\ccs\tools\compiler\ti-cgt-arm_20.2.1.LTS\lib\</path>
         <kind>archive</kind>
         <file>rtsv7M4_T_le_v4SPD16_eabi.lib</file>
         <name>fd_toi_t2.asm.obj</name>
      </input_file>
      <input_file id="fl-cc">
         <path>C:\ti\ccs1011\ccs\tools\compiler\ti-cgt-arm_20.2.1.LTS\lib\</path>
         <kind>archive</kind>
         <file>rtsv7M4_T_le_v4SPD16_eabi.lib</file>
         <name>i_tofd_t2.asm.obj</name>
      </input_file>
      <input_file id="fl-cd">
         <path>C:\ti\ccs1011\ccs\tools\compiler\ti-cgt-arm_20.2.1.LTS\lib\</path>
         <kind>archive</kind>
         <file>rtsv7M4_T_le_v4SPD16_eabi.lib</file>
         <name>ull_div_t2.asm.obj</name>
      </input_file>
      <input_file id="fl-ce">
         <path>C:\ti\ccs1011\ccs\tools\compiler\ti-cgt-arm_20.2.1.LTS\lib\</path>
         <kind>archive</kind>
         <file>rtsv7M4_T_le_v4SPD16_eabi.lib</file>
         <name>autoinit.c.obj</name>
      </input_file>
      <input_file id="fl-cf">
         <path>C:\ti\ccs1011\ccs\tools\compiler\ti-cgt-arm_20.2.1.LTS\lib\</path>
         <kind>archive</kind>
         <file>rtsv7M4_T_le_v4SPD16_eabi.lib</file>
         <name>pre_init.c.obj</name>
      </input_file>
      <input_file id="fl-d0">
         <path>C:\ti\ccs1011\ccs\tools\compiler\ti-cgt-arm_20.2.1.LTS\lib\</path>
         <kind>archive</kind>
         <file>rtsv7M4_T_le_v4SPD16_eabi.lib</file>
         <name>cpy_tbl.c.obj</name>
      </input_file>
      <input_file id="fl-d1">
         <path>C:\ti\ccs1011\ccs\tools\compiler\ti-cgt-arm_20.2.1.LTS\lib\</path>
         <kind>archive</kind>
         <file>rtsv7M4_T_le_v4SPD16_eabi.lib</file>
         <name>exit.c.obj</name>
      </input_file>
      <input_file id="fl-d2">
         <path>C:\ti\ccs1011\ccs\tools\compiler\ti-cgt-arm_20.2.1.LTS\lib\</path>
         <kind>archive</kind>
         <file>rtsv7M4_T_le_v4SPD16_eabi.lib</file>
         <name>_lock.c.obj</name>
      </input_file>
      <input_file id="fl-d3">
         <path>C:\ti\ccs1011\ccs\tools\compiler\ti-cgt-arm_20.2.1.LTS\lib\</path>
         <kind>archive</kind>
         <file>rtsv7M4_T_le_v4SPD16_eabi.lib</file>
         <name>_ltoa.c.obj</name>
      </input_file>
      <input_file id="fl-d4">
         <path>C:\ti\ccs1011\ccs\tools\compiler\ti-cgt-arm_20.2.1.LTS\lib\</path>
         <kind>archive</kind>
         <file>rtsv7M4_T_le_v4SPD16_eabi.lib</file>
         <name>args_main.c.obj</name>
      </input_file>
      <input_file id="fl-d5">
         <path>C:\ti\ccs1011\ccs\tools\compiler\ti-cgt-arm_20.2.1.LTS\lib\</path>
         <kind>archive</kind>
         <file>rtsv7M4_T_le_v4SPD16_eabi.lib</file>
         <name>atoi.c.obj</name>
      </input_file>
      <input_file id="fl-d6">
         <path>C:\ti\ccs1011\ccs\tools\compiler\ti-cgt-arm_20.2.1.LTS\lib\</path>
         <kind>archive</kind>
         <file>rtsv7M4_T_le_v4SPD16_eabi.lib</file>
         <name>ctype.c.obj</name>
      </input_file>
      <input_file id="fl-d7">
         <path>C:\ti\ccs1011\ccs\tools\compiler\ti-cgt-arm_20.2.1.LTS\lib\</path>
         <kind>archive</kind>
         <file>rtsv7M4_T_le_v4SPD16_eabi.lib</file>
         <name>memccpy.c.obj</name>
      </input_file>
      <input_file id="fl-d8">
         <path>C:\ti\ccs1011\ccs\tools\compiler\ti-cgt-arm_20.2.1.LTS\lib\</path>
         <kind>archive</kind>
         <file>rtsv7M4_T_le_v4SPD16_eabi.lib</file>
         <name>strchr.c.obj</name>
      </input_file>
      <input_file id="fl-d9">
         <path>C:\ti\ccs1011\ccs\tools\compiler\ti-cgt-arm_20.2.1.LTS\lib\</path>
         <kind>archive</kind>
         <file>rtsv7M4_T_le_v4SPD16_eabi.lib</file>
         <name>strlen.c.obj</name>
      </input_file>
      <input_file id="fl-da">
         <path>C:\ti\ccs1011\ccs\tools\compiler\ti-cgt-arm_20.2.1.LTS\lib\</path>
         <kind>archive</kind>
         <file>rtsv7M4_T_le_v4SPD16_eabi.lib</file>
         <name>errno.c.obj</name>
      </input_file>
      <input_file id="fl-db">
         <path>C:\ti\ccs1011\ccs\tools\compiler\ti-cgt-arm_20.2.1.LTS\lib\</path>
         <kind>archive</kind>
         <file>rtsv7M4_T_le_v4SPD16_eabi.lib</file>
         <name>s_frexp.c.obj</name>
      </input_file>
      <input_file id="fl-dc">
         <path>C:\ti\ccs1011\ccs\tools\compiler\ti-cgt-arm_20.2.1.LTS\lib\</path>
         <kind>archive</kind>
         <file>rtsv7M4_T_le_v4SPD16_eabi.lib</file>
         <name>s_scalbn.c.obj</name>
      </input_file>
      <input_file id="fl-dd">
         <path>C:\ti\ccs1011\ccs\tools\compiler\ti-cgt-arm_20.2.1.LTS\lib\</path>
         <kind>archive</kind>
         <file>rtsv7M4_T_le_v4SPD16_eabi.lib</file>
         <name>wcslen.c.obj</name>
      </input_file>
      <input_file id="fl-de">
         <path>C:\ti\ccs1011\ccs\tools\compiler\ti-cgt-arm_20.2.1.LTS\lib\</path>
         <kind>archive</kind>
         <file>rtsv7M4_T_le_v4SPD16_eabi.lib</file>
         <name>div0.asm.obj</name>
      </input_file>
      <input_file id="fl-df">
         <path>C:\ti\ccs1011\ccs\tools\compiler\ti-cgt-arm_20.2.1.LTS\lib\</path>
         <kind>archive</kind>
         <file>rtsv7M4_T_le_v4SPD16_eabi.lib</file>
         <name>s_copysign.c.obj</name>
      </input_file>
      <input_file id="fl-e0">
         <path>C:\ti\TivaWare_C_Series-2.2.0.295\driverlib\ccs\Debug\</path>
         <kind>archive</kind>
         <file>driverlib.lib</file>
         <name>adc.obj</name>
      </input_file>
      <input_file id="fl-e1">
         <path>C:\ti\TivaWare_C_Series-2.2.0.295\driverlib\ccs\Debug\</path>
         <kind>archive</kind>
         <file>driverlib.lib</file>
         <name>cpu.obj</name>
      </input_file>
      <input_file id="fl-e2">
         <path>C:\ti\TivaWare_C_Series-2.2.0.295\driverlib\ccs\Debug\</path>
         <kind>archive</kind>
         <file>driverlib.lib</file>
         <name>interrupt.obj</name>
      </input_file>
      <input_file id="fl-e3">
         <path>C:\ti\TivaWare_C_Series-2.2.0.295\driverlib\ccs\Debug\</path>
         <kind>archive</kind>
         <file>driverlib.lib</file>
         <name>systick.obj</name>
      </input_file>
      <input_file id="fl-e4">
         <path>C:\ti\TivaWare_C_Series-2.2.0.295\driverlib\ccs\Debug\</path>
         <kind>archive</kind>
         <file>driverlib.lib</file>
         <name>uart.obj</name>
      </input_file>
   </input_file_list>
   <object_component_list>
      <object_component id="oc-12">
         <name>.intvecs</name>
         <load_address>0x0</load_address>
         <run_address>0x0</run_address>
         <size>0x26c</size>
         <input_file_ref idref="fl-4"/>
      </object_component>
      <object_component id="oc-c8">
         <name>.text</name>
         <load_address>0x26c</load_address>
         <run_address>0x26c</run_address>
         <size>0x1e34</size>
         <input_file_ref idref="fl-2"/>
      </object_component>
      <object_component id="oc-1df">
         <name>.text:__TI_printfi</name>
         <load_address>0x20a0</load_address>
         <run_address>0x20a0</run_address>
         <size>0xa4e</size>
         <input_file_ref idref="fl-c5"/>
      </object_component>
      <object_component id="oc-253">
         <name>.text:_IntDefaultHandler</name>
         <load_address>0x2aee</load_address>
         <run_address>0x2aee</run_address>
         <size>0x2</size>
         <input_file_ref idref="fl-e2"/>
      </object_component>
      <object_component id="oc-9b">
         <name>.text</name>
         <load_address>0x2af0</load_address>
         <run_address>0x2af0</run_address>
         <size>0x554</size>
         <input_file_ref idref="fl-3"/>
      </object_component>
      <object_component id="oc-29c">
         <name>.text:_pconv_a</name>
         <load_address>0x3044</load_address>
         <run_address>0x3044</run_address>
         <size>0x270</size>
         <input_file_ref idref="fl-c5"/>
      </object_component>
      <object_component id="oc-28a">
         <name>.text:_pconv_g</name>
         <load_address>0x32b4</load_address>
         <run_address>0x32b4</run_address>
         <size>0x1d0</size>
         <input_file_ref idref="fl-c5"/>
      </object_component>
      <object_component id="oc-327">
         <name>.text</name>
         <load_address>0x3484</load_address>
         <run_address>0x3484</run_address>
         <size>0x1b6</size>
         <input_file_ref idref="fl-c7"/>
      </object_component>
      <object_component id="oc-393">
         <name>.text</name>
         <load_address>0x363a</load_address>
         <run_address>0x363a</run_address>
         <size>0x2</size>
         <input_file_ref idref="fl-de"/>
      </object_component>
      <object_component id="oc-296">
         <name>.text:_pconv_e</name>
         <load_address>0x363c</load_address>
         <run_address>0x363c</run_address>
         <size>0x13c</size>
         <input_file_ref idref="fl-c5"/>
      </object_component>
      <object_component id="oc-30d">
         <name>.text</name>
         <load_address>0x3778</load_address>
         <run_address>0x3778</run_address>
         <size>0x136</size>
         <input_file_ref idref="fl-c9"/>
      </object_component>
      <object_component id="oc-339">
         <name>.text:fcvt</name>
         <load_address>0x38b0</load_address>
         <run_address>0x38b0</run_address>
         <size>0x124</size>
         <input_file_ref idref="fl-c5"/>
      </object_component>
      <object_component id="oc-34d">
         <name>.text:scalbn</name>
         <load_address>0x39d4</load_address>
         <run_address>0x39d4</run_address>
         <size>0x110</size>
         <input_file_ref idref="fl-dc"/>
      </object_component>
      <object_component id="oc-308">
         <name>.text</name>
         <load_address>0x3ae4</load_address>
         <run_address>0x3ae4</run_address>
         <size>0xfc</size>
         <input_file_ref idref="fl-ca"/>
      </object_component>
      <object_component id="oc-27f">
         <name>.text:_ltostr</name>
         <load_address>0x3be0</load_address>
         <run_address>0x3be0</run_address>
         <size>0xb1</size>
         <input_file_ref idref="fl-c5"/>
      </object_component>
      <object_component id="oc-3b">
         <name>.text</name>
         <load_address>0x3c92</load_address>
         <run_address>0x3c92</run_address>
         <size>0x9c</size>
         <input_file_ref idref="fl-c0"/>
      </object_component>
      <object_component id="oc-301">
         <name>.text</name>
         <load_address>0x3d2e</load_address>
         <run_address>0x3d2e</run_address>
         <size>0x96</size>
         <input_file_ref idref="fl-cd"/>
      </object_component>
      <object_component id="oc-285">
         <name>.text:__aeabi_cdcmple</name>
         <load_address>0x3dc4</load_address>
         <run_address>0x3dc4</run_address>
         <size>0x86</size>
         <input_file_ref idref="fl-c8"/>
      </object_component>
      <object_component id="oc-312">
         <name>.text:__aeabi_cdrcmple</name>
         <load_address>0x3e4a</load_address>
         <run_address>0x3e4a</run_address>
         <size>0x86</size>
         <input_file_ref idref="fl-c8"/>
      </object_component>
      <object_component id="oc-111">
         <name>.text:ADCSequenceStepConfigure</name>
         <load_address>0x3ed0</load_address>
         <run_address>0x3ed0</run_address>
         <size>0x7a</size>
         <input_file_ref idref="fl-e0"/>
      </object_component>
      <object_component id="oc-8f">
         <name>.text</name>
         <load_address>0x3f4a</load_address>
         <run_address>0x3f4a</run_address>
         <size>0x7a</size>
         <input_file_ref idref="fl-c6"/>
      </object_component>
      <object_component id="oc-332">
         <name>.text:_mcpy</name>
         <load_address>0x3fc4</load_address>
         <run_address>0x3fc4</run_address>
         <size>0x6e</size>
         <input_file_ref idref="fl-c5"/>
      </object_component>
      <object_component id="oc-1aa">
         <name>.text:IntDisable</name>
         <load_address>0x4034</load_address>
         <run_address>0x4034</run_address>
         <size>0x68</size>
         <input_file_ref idref="fl-e2"/>
      </object_component>
      <object_component id="oc-11d">
         <name>.text:IntEnable</name>
         <load_address>0x409c</load_address>
         <run_address>0x409c</run_address>
         <size>0x68</size>
         <input_file_ref idref="fl-e2"/>
      </object_component>
      <object_component id="oc-15">
         <name>.text:decompress:lzss:__TI_decompress_lzss</name>
         <load_address>0x4104</load_address>
         <run_address>0x4104</run_address>
         <size>0x68</size>
         <input_file_ref idref="fl-c3"/>
      </object_component>
      <object_component id="oc-347">
         <name>.text:frexp</name>
         <load_address>0x416c</load_address>
         <run_address>0x416c</run_address>
         <size>0x64</size>
         <input_file_ref idref="fl-db"/>
      </object_component>
      <object_component id="oc-290">
         <name>.text:_pconv_f</name>
         <load_address>0x41d0</load_address>
         <run_address>0x41d0</run_address>
         <size>0x56</size>
         <input_file_ref idref="fl-c5"/>
      </object_component>
      <object_component id="oc-31c">
         <name>.text:__TI_ltoa</name>
         <load_address>0x4226</load_address>
         <run_address>0x4226</run_address>
         <size>0x54</size>
         <input_file_ref idref="fl-d3"/>
      </object_component>
      <object_component id="oc-32c">
         <name>.text:_ecpy</name>
         <load_address>0x427a</load_address>
         <run_address>0x427a</run_address>
         <size>0x52</size>
         <input_file_ref idref="fl-c5"/>
      </object_component>
      <object_component id="oc-20a">
         <name>.text:_ADCIntNumberGet</name>
         <load_address>0x42cc</load_address>
         <run_address>0x42cc</run_address>
         <size>0x50</size>
         <input_file_ref idref="fl-e0"/>
      </object_component>
      <object_component id="oc-10b">
         <name>.text:ADCSequenceConfigure</name>
         <load_address>0x431c</load_address>
         <run_address>0x431c</run_address>
         <size>0x4e</size>
         <input_file_ref idref="fl-e0"/>
      </object_component>
      <object_component id="oc-279">
         <name>.text:atoi</name>
         <load_address>0x436c</load_address>
         <run_address>0x436c</run_address>
         <size>0x4c</size>
         <input_file_ref idref="fl-d5"/>
      </object_component>
      <object_component id="oc-317">
         <name>.text</name>
         <load_address>0x43b8</load_address>
         <run_address>0x43b8</run_address>
         <size>0x48</size>
         <input_file_ref idref="fl-cb"/>
      </object_component>
      <object_component id="oc-135">
         <name>.text:UARTConfigSetExpClk</name>
         <load_address>0x4400</load_address>
         <run_address>0x4400</run_address>
         <size>0x46</size>
         <input_file_ref idref="fl-e4"/>
      </object_component>
      <object_component id="oc-167">
         <name>.text:__TI_auto_init_nobinit_nopinit:__TI_auto_init_nobinit_nopinit</name>
         <load_address>0x4448</load_address>
         <run_address>0x4448</run_address>
         <size>0x44</size>
         <input_file_ref idref="fl-ce"/>
      </object_component>
      <object_component id="oc-21f">
         <name>.text:_UARTIntNumberGet</name>
         <load_address>0x448c</load_address>
         <run_address>0x448c</run_address>
         <size>0x40</size>
         <input_file_ref idref="fl-e4"/>
      </object_component>
      <object_component id="oc-fe">
         <name>.text:sprintf</name>
         <load_address>0x44cc</load_address>
         <run_address>0x44cc</run_address>
         <size>0x40</size>
         <input_file_ref idref="fl-bf"/>
      </object_component>
      <object_component id="oc-33f">
         <name>.text:_fcpy</name>
         <load_address>0x450c</load_address>
         <run_address>0x450c</run_address>
         <size>0x3e</size>
         <input_file_ref idref="fl-c5"/>
      </object_component>
      <object_component id="oc-14d">
         <name>.text:IntRegister</name>
         <load_address>0x454c</load_address>
         <run_address>0x454c</run_address>
         <size>0x34</size>
         <input_file_ref idref="fl-e2"/>
      </object_component>
      <object_component id="oc-59">
         <name>.text:_c_int00_noargs:_c_int00_noargs</name>
         <load_address>0x4580</load_address>
         <run_address>0x4580</run_address>
         <size>0x34</size>
         <input_file_ref idref="fl-c4"/>
      </object_component>
      <object_component id="oc-322">
         <name>.text</name>
         <load_address>0x45b4</load_address>
         <run_address>0x45b4</run_address>
         <size>0x2e</size>
         <input_file_ref idref="fl-cc"/>
      </object_component>
      <object_component id="oc-216">
         <name>.text:UARTDisable</name>
         <load_address>0x45e4</load_address>
         <run_address>0x45e4</run_address>
         <size>0x20</size>
         <input_file_ref idref="fl-e4"/>
      </object_component>
      <object_component id="oc-ec">
         <name>.text:ADCSequenceDataGet</name>
         <load_address>0x4604</load_address>
         <run_address>0x4604</run_address>
         <size>0x1e</size>
         <input_file_ref idref="fl-e0"/>
      </object_component>
      <object_component id="oc-104">
         <name>.text:SysTickIntRegister</name>
         <load_address>0x4624</load_address>
         <run_address>0x4624</run_address>
         <size>0x1c</size>
         <input_file_ref idref="fl-e3"/>
      </object_component>
      <object_component id="oc-47">
         <name>.text:decompress:ZI:__TI_zero_init_nomemset:__TI_zero_init_nomemset</name>
         <load_address>0x4640</load_address>
         <run_address>0x4640</run_address>
         <size>0x1c</size>
         <input_file_ref idref="fl-c1"/>
      </object_component>
      <object_component id="oc-2a2">
         <name>.text:memccpy</name>
         <load_address>0x465c</load_address>
         <run_address>0x465c</run_address>
         <size>0x1c</size>
         <input_file_ref idref="fl-d7"/>
      </object_component>
      <object_component id="oc-3ac">
         <name>.text:copysign</name>
         <load_address>0x4678</load_address>
         <run_address>0x4678</run_address>
         <size>0x1a</size>
         <input_file_ref idref="fl-df"/>
      </object_component>
      <object_component id="oc-12f">
         <name>.text:ADCIntRegister</name>
         <load_address>0x4692</load_address>
         <run_address>0x4692</run_address>
         <size>0x18</size>
         <input_file_ref idref="fl-e0"/>
      </object_component>
      <object_component id="oc-ce">
         <name>.text:ADCProcessorTrigger</name>
         <load_address>0x46aa</load_address>
         <run_address>0x46aa</run_address>
         <size>0x18</size>
         <input_file_ref idref="fl-e0"/>
      </object_component>
      <object_component id="oc-147">
         <name>.text:UARTIntRegister</name>
         <load_address>0x46c2</load_address>
         <run_address>0x46c2</run_address>
         <size>0x18</size>
         <input_file_ref idref="fl-e4"/>
      </object_component>
      <object_component id="oc-1e5">
         <name>.text:_outs</name>
         <load_address>0x46da</load_address>
         <run_address>0x46da</run_address>
         <size>0x18</size>
         <input_file_ref idref="fl-bf"/>
      </object_component>
      <object_component id="oc-353">
         <name>.text:strchr</name>
         <load_address>0x46f2</load_address>
         <run_address>0x46f2</run_address>
         <size>0x16</size>
         <input_file_ref idref="fl-d8"/>
      </object_component>
      <object_component id="oc-1b0">
         <name>.text:IntUnregister</name>
         <load_address>0x4708</load_address>
         <run_address>0x4708</run_address>
         <size>0x14</size>
         <input_file_ref idref="fl-e2"/>
      </object_component>
      <object_component id="oc-13b">
         <name>.text:UARTEnable</name>
         <load_address>0x471c</load_address>
         <run_address>0x471c</run_address>
         <size>0x14</size>
         <input_file_ref idref="fl-e4"/>
      </object_component>
      <object_component id="oc-273">
         <name>.text:strlen</name>
         <load_address>0x4730</load_address>
         <run_address>0x4730</run_address>
         <size>0x14</size>
         <input_file_ref idref="fl-d9"/>
      </object_component>
      <object_component id="oc-2a8">
         <name>.text:wcslen</name>
         <load_address>0x4744</load_address>
         <run_address>0x4744</run_address>
         <size>0x12</size>
         <input_file_ref idref="fl-dd"/>
      </object_component>
      <object_component id="oc-123">
         <name>.text:ADCIntEnable</name>
         <load_address>0x4756</load_address>
         <run_address>0x4756</run_address>
         <size>0x10</size>
         <input_file_ref idref="fl-e0"/>
      </object_component>
      <object_component id="oc-129">
         <name>.text:IntMasterEnable</name>
         <load_address>0x4766</load_address>
         <run_address>0x4766</run_address>
         <size>0x10</size>
         <input_file_ref idref="fl-e2"/>
      </object_component>
      <object_component id="oc-117">
         <name>.text:ADCSequenceEnable</name>
         <load_address>0x4776</load_address>
         <run_address>0x4776</run_address>
         <size>0xe</size>
         <input_file_ref idref="fl-e0"/>
      </object_component>
      <object_component id="oc-e6">
         <name>.text:UARTCharsAvail</name>
         <load_address>0x4784</load_address>
         <run_address>0x4784</run_address>
         <size>0xe</size>
         <input_file_ref idref="fl-e4"/>
      </object_component>
      <object_component id="oc-1b">
         <name>.text:decompress:none:__TI_decompress_none</name>
         <load_address>0x4792</load_address>
         <run_address>0x4792</run_address>
         <size>0xe</size>
         <input_file_ref idref="fl-c2"/>
      </object_component>
      <object_component id="oc-203">
         <name>.text:CPUcpsie</name>
         <load_address>0x47a0</load_address>
         <run_address>0x47a0</run_address>
         <size>0xc</size>
         <input_file_ref idref="fl-e1"/>
      </object_component>
      <object_component id="oc-27">
         <name>.text</name>
         <load_address>0x47ac</load_address>
         <run_address>0x47ac</run_address>
         <size>0xc</size>
         <input_file_ref idref="fl-4"/>
      </object_component>
      <object_component id="oc-f2">
         <name>.text:ADCIntClear</name>
         <load_address>0x47b8</load_address>
         <run_address>0x47b8</run_address>
         <size>0xa</size>
         <input_file_ref idref="fl-e0"/>
      </object_component>
      <object_component id="oc-e0">
         <name>.text:UARTCharGet</name>
         <load_address>0x47c2</load_address>
         <run_address>0x47c2</run_address>
         <size>0xa</size>
         <input_file_ref idref="fl-e4"/>
      </object_component>
      <object_component id="oc-153">
         <name>.text:UARTCharPut</name>
         <load_address>0x47cc</load_address>
         <run_address>0x47cc</run_address>
         <size>0xa</size>
         <input_file_ref idref="fl-e4"/>
      </object_component>
      <object_component id="oc-d4">
         <name>.text:UARTIntStatus</name>
         <load_address>0x47d6</load_address>
         <run_address>0x47d6</run_address>
         <size>0xa</size>
         <input_file_ref idref="fl-e4"/>
      </object_component>
      <object_component id="oc-1eb">
         <name>.text:_outc</name>
         <load_address>0x47e0</load_address>
         <run_address>0x47e0</run_address>
         <size>0xa</size>
         <input_file_ref idref="fl-bf"/>
      </object_component>
      <object_component id="oc-141">
         <name>.text:UARTIntEnable</name>
         <load_address>0x47ea</load_address>
         <run_address>0x47ea</run_address>
         <size>0x8</size>
         <input_file_ref idref="fl-e4"/>
      </object_component>
      <object_component id="oc-2ae">
         <name>.text:__aeabi_errno_addr</name>
         <load_address>0x47f4</load_address>
         <run_address>0x47f4</run_address>
         <size>0x8</size>
         <input_file_ref idref="fl-da"/>
      </object_component>
      <object_component id="oc-1cb">
         <name>.text:SysCtlDelay</name>
         <load_address>0x47fc</load_address>
         <run_address>0x47fc</run_address>
         <size>0x6</size>
         <input_file_ref idref="fl-2"/>
      </object_component>
      <object_component id="oc-1bc">
         <name>.text:CPUwfi</name>
         <load_address>0x4802</load_address>
         <run_address>0x4802</run_address>
         <size>0x4</size>
         <input_file_ref idref="fl-e1"/>
      </object_component>
      <object_component id="oc-da">
         <name>.text:UARTIntClear</name>
         <load_address>0x4806</load_address>
         <run_address>0x4806</run_address>
         <size>0x4</size>
         <input_file_ref idref="fl-e4"/>
      </object_component>
      <object_component id="oc-95">
         <name>.text:_system_pre_init</name>
         <load_address>0x480a</load_address>
         <run_address>0x480a</run_address>
         <size>0x4</size>
         <input_file_ref idref="fl-cf"/>
      </object_component>
      <object_component id="oc-15b">
         <name>.text:abort:abort</name>
         <load_address>0x480e</load_address>
         <run_address>0x480e</run_address>
         <size>0x4</size>
         <input_file_ref idref="fl-d1"/>
      </object_component>
      <object_component id="oc-1c8">
         <name>.const:g_pppui32XTALtoVCO</name>
         <load_address>0x4814</load_address>
         <run_address>0x4814</run_address>
         <size>0x1b0</size>
         <input_file_ref idref="fl-2"/>
      </object_component>
      <object_component id="oc-2fc">
         <name>.const:.string:_ctypes_</name>
         <load_address>0x49c4</load_address>
         <run_address>0x49c4</run_address>
         <size>0x101</size>
         <input_file_ref idref="fl-d6"/>
      </object_component>
      <object_component id="oc-1a7">
         <name>.const:g_ppui32GPIOIntMapSnowflake</name>
         <load_address>0x4ac8</load_address>
         <run_address>0x4ac8</run_address>
         <size>0xd8</size>
         <input_file_ref idref="fl-2"/>
      </object_component>
      <object_component id="oc-1a4">
         <name>.const:g_ppui32GPIOIntMapBlizzard</name>
         <load_address>0x4ba0</load_address>
         <run_address>0x4ba0</run_address>
         <size>0xc0</size>
         <input_file_ref idref="fl-2"/>
      </object_component>
      <object_component id="oc-1b6">
         <name>.const:g_pui32GPIOBaseAddrs</name>
         <load_address>0x4c60</load_address>
         <run_address>0x4c60</run_address>
         <size>0x90</size>
         <input_file_ref idref="fl-2"/>
      </object_component>
      <object_component id="oc-1c2">
         <name>.const:g_pui32Xtals</name>
         <load_address>0x4cf0</load_address>
         <run_address>0x4cf0</run_address>
         <size>0x6c</size>
         <input_file_ref idref="fl-2"/>
      </object_component>
      <object_component id="oc-2cd">
         <name>.const:g_ppui32UARTIntMap</name>
         <load_address>0x4d5c</load_address>
         <run_address>0x4d5c</run_address>
         <size>0x40</size>
         <input_file_ref idref="fl-e4"/>
      </object_component>
      <object_component id="oc-2d0">
         <name>.const:g_ppui32UARTIntMapSnowflake</name>
         <load_address>0x4d9c</load_address>
         <run_address>0x4d9c</run_address>
         <size>0x40</size>
         <input_file_ref idref="fl-e4"/>
      </object_component>
      <object_component id="oc-1b9">
         <name>.const:g_sXTALtoMEMTIM</name>
         <load_address>0x4ddc</load_address>
         <run_address>0x4ddc</run_address>
         <size>0x30</size>
         <input_file_ref idref="fl-2"/>
      </object_component>
      <object_component id="oc-24f">
         <name>.const:g_pui32Dii16Regs</name>
         <load_address>0x4e0c</load_address>
         <run_address>0x4e0c</run_address>
         <size>0x14</size>
         <input_file_ref idref="fl-e2"/>
      </object_component>
      <object_component id="oc-1fd">
         <name>.const:g_pui32EnRegs</name>
         <load_address>0x4e20</load_address>
         <run_address>0x4e20</run_address>
         <size>0x14</size>
         <input_file_ref idref="fl-e2"/>
      </object_component>
      <object_component id="oc-1c5">
         <name>.const:g_pui32VCOFrequencies</name>
         <load_address>0x4e34</load_address>
         <run_address>0x4e34</run_address>
         <size>0x8</size>
         <input_file_ref idref="fl-2"/>
      </object_component>
      <object_component id="oc-402">
         <name>__TI_handler_table</name>
         <load_address>0x4e40</load_address>
         <run_address>0x4e40</run_address>
         <size>0xc</size>
      </object_component>
      <object_component id="oc-406">
         <name>.cinit..bss.load</name>
         <load_address>0x4e50</load_address>
         <run_address>0x4e50</run_address>
         <size>0x8</size>
      </object_component>
      <object_component id="oc-404">
         <name>.cinit..vtable.load</name>
         <load_address>0x4e58</load_address>
         <run_address>0x4e58</run_address>
         <size>0x8</size>
      </object_component>
      <object_component id="oc-405">
         <name>.cinit..data.load</name>
         <load_address>0x4e60</load_address>
         <run_address>0x4e60</run_address>
         <size>0x7</size>
      </object_component>
      <object_component id="oc-403">
         <name>__TI_cinit_table</name>
         <load_address>0x4e68</load_address>
         <run_address>0x4e68</run_address>
         <size>0x18</size>
      </object_component>
      <object_component id="oc-226">
         <name>.vtable</name>
         <uninitialized>true</uninitialized>
         <run_address>0x20000000</run_address>
         <size>0x26c</size>
         <input_file_ref idref="fl-e2"/>
      </object_component>
      <object_component id="oc-f8">
         <name>.data</name>
         <load_address>0x200004d4</load_address>
         <run_address>0x200004d4</run_address>
         <size>0x8</size>
         <input_file_ref idref="fl-3"/>
      </object_component>
      <object_component id="oc-363">
         <name>.data</name>
         <load_address>0x200004dc</load_address>
         <run_address>0x200004dc</run_address>
         <size>0x4</size>
         <input_file_ref idref="fl-da"/>
      </object_component>
      <object_component id="oc-159">
         <name>.bss:data$1</name>
         <uninitialized>true</uninitialized>
         <run_address>0x200004cc</run_address>
         <size>0x8</size>
         <input_file_ref idref="fl-3"/>
      </object_component>
      <object_component id="oc-10a">
         <name>.common:saat</name>
         <uninitialized>true</uninitialized>
         <run_address>0x200004c0</run_address>
         <size>0xc</size>
      </object_component>
      <object_component id="oc-fb">
         <name>.common:rx_data</name>
         <uninitialized>true</uninitialized>
         <run_address>0x20000470</run_address>
         <size>0x50</size>
      </object_component>
      <object_component id="oc-24">
         <name>.stack</name>
         <uninitialized>true</uninitialized>
         <run_address>0x20000270</run_address>
         <size>0x4</size>
         <input_file_ref idref="fl-c4"/>
      </object_component>
      <object_component id="oc-408">
         <name>.stack</name>
         <uninitialized>true</uninitialized>
         <run_address>0x20000270</run_address>
         <size>0x0</size>
      </object_component>
      <object_component id="oc-b7">
         <name>.debug_info</name>
         <load_address>0x0</load_address>
         <run_address>0x0</run_address>
         <size>0x3ec</size>
         <input_file_ref idref="fl-2"/>
      </object_component>
      <object_component id="oc-1a5">
         <name>.debug_info</name>
         <load_address>0x3ec</load_address>
         <run_address>0x3ec</run_address>
         <size>0xec</size>
         <input_file_ref idref="fl-2"/>
      </object_component>
      <object_component id="oc-1a8">
         <name>.debug_info</name>
         <load_address>0x4d8</load_address>
         <run_address>0x4d8</run_address>
         <size>0xee</size>
         <input_file_ref idref="fl-2"/>
      </object_component>
      <object_component id="oc-1b7">
         <name>.debug_info</name>
         <load_address>0x5c6</load_address>
         <run_address>0x5c6</run_address>
         <size>0xe0</size>
         <input_file_ref idref="fl-2"/>
      </object_component>
      <object_component id="oc-1c3">
         <name>.debug_info</name>
         <load_address>0x6a6</load_address>
         <run_address>0x6a6</run_address>
         <size>0xd0</size>
         <input_file_ref idref="fl-2"/>
      </object_component>
      <object_component id="oc-1c9">
         <name>.debug_info</name>
         <load_address>0x776</load_address>
         <run_address>0x776</run_address>
         <size>0xdc</size>
         <input_file_ref idref="fl-2"/>
      </object_component>
      <object_component id="oc-1ba">
         <name>.debug_info</name>
         <load_address>0x852</load_address>
         <run_address>0x852</run_address>
         <size>0xd6</size>
         <input_file_ref idref="fl-2"/>
      </object_component>
      <object_component id="oc-1c6">
         <name>.debug_info</name>
         <load_address>0x928</load_address>
         <run_address>0x928</run_address>
         <size>0xe3</size>
         <input_file_ref idref="fl-2"/>
      </object_component>
      <object_component id="oc-c9">
         <name>.debug_info</name>
         <load_address>0xa0b</load_address>
         <run_address>0xa0b</run_address>
         <size>0x7c69</size>
         <input_file_ref idref="fl-2"/>
      </object_component>
      <object_component id="oc-19b">
         <name>.debug_info</name>
         <load_address>0x8674</load_address>
         <run_address>0x8674</run_address>
         <size>0x51</size>
         <input_file_ref idref="fl-2"/>
      </object_component>
      <object_component id="oc-70">
         <name>.debug_info</name>
         <load_address>0x86c5</load_address>
         <run_address>0x86c5</run_address>
         <size>0x26b</size>
         <input_file_ref idref="fl-2"/>
      </object_component>
      <object_component id="oc-b2">
         <name>.debug_info</name>
         <load_address>0x8930</load_address>
         <run_address>0x8930</run_address>
         <size>0x8b</size>
         <input_file_ref idref="fl-2"/>
      </object_component>
      <object_component id="oc-ad">
         <name>.debug_info</name>
         <load_address>0x89bb</load_address>
         <run_address>0x89bb</run_address>
         <size>0x2a4</size>
         <input_file_ref idref="fl-2"/>
      </object_component>
      <object_component id="oc-19f">
         <name>.debug_info</name>
         <load_address>0x8c5f</load_address>
         <run_address>0x8c5f</run_address>
         <size>0xef</size>
         <input_file_ref idref="fl-2"/>
      </object_component>
      <object_component id="oc-75">
         <name>.debug_info</name>
         <load_address>0x8d4e</load_address>
         <run_address>0x8d4e</run_address>
         <size>0xbb</size>
         <input_file_ref idref="fl-2"/>
      </object_component>
      <object_component id="oc-1f3">
         <name>.debug_info</name>
         <load_address>0x8e09</load_address>
         <run_address>0x8e09</run_address>
         <size>0x2c</size>
         <input_file_ref idref="fl-2"/>
      </object_component>
      <object_component id="oc-fc">
         <name>.debug_info</name>
         <load_address>0x8e35</load_address>
         <run_address>0x8e35</run_address>
         <size>0xb45</size>
         <input_file_ref idref="fl-3"/>
      </object_component>
      <object_component id="oc-f9">
         <name>.debug_info</name>
         <load_address>0x997a</load_address>
         <run_address>0x997a</run_address>
         <size>0x128</size>
         <input_file_ref idref="fl-3"/>
      </object_component>
      <object_component id="oc-9d">
         <name>.debug_info</name>
         <load_address>0x9aa2</load_address>
         <run_address>0x9aa2</run_address>
         <size>0x9a6</size>
         <input_file_ref idref="fl-3"/>
      </object_component>
      <object_component id="oc-2f">
         <name>.debug_info</name>
         <load_address>0xa448</load_address>
         <run_address>0xa448</run_address>
         <size>0x2a7</size>
         <input_file_ref idref="fl-4"/>
      </object_component>
      <object_component id="oc-13">
         <name>.debug_info</name>
         <load_address>0xa6ef</load_address>
         <run_address>0xa6ef</run_address>
         <size>0xe6</size>
         <input_file_ref idref="fl-4"/>
      </object_component>
      <object_component id="oc-28">
         <name>.debug_info</name>
         <load_address>0xa7d5</load_address>
         <run_address>0xa7d5</run_address>
         <size>0x262</size>
         <input_file_ref idref="fl-4"/>
      </object_component>
      <object_component id="oc-36">
         <name>.debug_info</name>
         <load_address>0xaa37</load_address>
         <run_address>0xaa37</run_address>
         <size>0x84</size>
         <input_file_ref idref="fl-4"/>
      </object_component>
      <object_component id="oc-1f2">
         <name>.debug_info</name>
         <load_address>0xaabb</load_address>
         <run_address>0xaabb</run_address>
         <size>0x333</size>
         <input_file_ref idref="fl-bf"/>
      </object_component>
      <object_component id="oc-ff">
         <name>.debug_info</name>
         <load_address>0xadee</load_address>
         <run_address>0xadee</run_address>
         <size>0x1d1</size>
         <input_file_ref idref="fl-bf"/>
      </object_component>
      <object_component id="oc-1e7">
         <name>.debug_info</name>
         <load_address>0xafbf</load_address>
         <run_address>0xafbf</run_address>
         <size>0x18d</size>
         <input_file_ref idref="fl-bf"/>
      </object_component>
      <object_component id="oc-1ee">
         <name>.debug_info</name>
         <load_address>0xb14c</load_address>
         <run_address>0xb14c</run_address>
         <size>0x16d</size>
         <input_file_ref idref="fl-bf"/>
      </object_component>
      <object_component id="oc-36a">
         <name>.debug_info</name>
         <load_address>0xb2b9</load_address>
         <run_address>0xb2b9</run_address>
         <size>0x2c</size>
         <input_file_ref idref="fl-bf"/>
      </object_component>
      <object_component id="oc-3e">
         <name>.debug_info</name>
         <load_address>0xb2e5</load_address>
         <run_address>0xb2e5</run_address>
         <size>0x119</size>
         <input_file_ref idref="fl-c0"/>
      </object_component>
      <object_component id="oc-8e">
         <name>.debug_info</name>
         <load_address>0xb3fe</load_address>
         <run_address>0xb3fe</run_address>
         <size>0x2d4</size>
         <input_file_ref idref="fl-c1"/>
      </object_component>
      <object_component id="oc-4a">
         <name>.debug_info</name>
         <load_address>0xb6d2</load_address>
         <run_address>0xb6d2</run_address>
         <size>0x1d2</size>
         <input_file_ref idref="fl-c1"/>
      </object_component>
      <object_component id="oc-89">
         <name>.debug_info</name>
         <load_address>0xb8a4</load_address>
         <run_address>0xb8a4</run_address>
         <size>0x46</size>
         <input_file_ref idref="fl-c1"/>
      </object_component>
      <object_component id="oc-bf">
         <name>.debug_info</name>
         <load_address>0xb8ea</load_address>
         <run_address>0xb8ea</run_address>
         <size>0x2c</size>
         <input_file_ref idref="fl-c1"/>
      </object_component>
      <object_component id="oc-46">
         <name>.debug_info</name>
         <load_address>0xb916</load_address>
         <run_address>0xb916</run_address>
         <size>0x2a8</size>
         <input_file_ref idref="fl-c2"/>
      </object_component>
      <object_component id="oc-1e">
         <name>.debug_info</name>
         <load_address>0xbbbe</load_address>
         <run_address>0xbbbe</run_address>
         <size>0x1ea</size>
         <input_file_ref idref="fl-c2"/>
      </object_component>
      <object_component id="oc-41">
         <name>.debug_info</name>
         <load_address>0xbda8</load_address>
         <run_address>0xbda8</run_address>
         <size>0x46</size>
         <input_file_ref idref="fl-c2"/>
      </object_component>
      <object_component id="oc-81">
         <name>.debug_info</name>
         <load_address>0xbdee</load_address>
         <run_address>0xbdee</run_address>
         <size>0x2c</size>
         <input_file_ref idref="fl-c2"/>
      </object_component>
      <object_component id="oc-7f">
         <name>.debug_info</name>
         <load_address>0xbe1a</load_address>
         <run_address>0xbe1a</run_address>
         <size>0x29e</size>
         <input_file_ref idref="fl-c3"/>
      </object_component>
      <object_component id="oc-16">
         <name>.debug_info</name>
         <load_address>0xc0b8</load_address>
         <run_address>0xc0b8</run_address>
         <size>0x250</size>
         <input_file_ref idref="fl-c3"/>
      </object_component>
      <object_component id="oc-31">
         <name>.debug_info</name>
         <load_address>0xc308</load_address>
         <run_address>0xc308</run_address>
         <size>0x60</size>
         <input_file_ref idref="fl-c3"/>
      </object_component>
      <object_component id="oc-b8">
         <name>.debug_info</name>
         <load_address>0xc368</load_address>
         <run_address>0xc368</run_address>
         <size>0x46</size>
         <input_file_ref idref="fl-c3"/>
      </object_component>
      <object_component id="oc-7a">
         <name>.debug_info</name>
         <load_address>0xc3ae</load_address>
         <run_address>0xc3ae</run_address>
         <size>0x39</size>
         <input_file_ref idref="fl-c3"/>
      </object_component>
      <object_component id="oc-25">
         <name>.debug_info</name>
         <load_address>0xc3e7</load_address>
         <run_address>0xc3e7</run_address>
         <size>0x10b</size>
         <input_file_ref idref="fl-c4"/>
      </object_component>
      <object_component id="oc-5b">
         <name>.debug_info</name>
         <load_address>0xc4f2</load_address>
         <run_address>0xc4f2</run_address>
         <size>0x1a9</size>
         <input_file_ref idref="fl-c4"/>
      </object_component>
      <object_component id="oc-2b5">
         <name>.debug_info</name>
         <load_address>0xc69b</load_address>
         <run_address>0xc69b</run_address>
         <size>0x590</size>
         <input_file_ref idref="fl-c5"/>
      </object_component>
      <object_component id="oc-281">
         <name>.debug_info</name>
         <load_address>0xcc2b</load_address>
         <run_address>0xcc2b</run_address>
         <size>0x21e</size>
         <input_file_ref idref="fl-c5"/>
      </object_component>
      <object_component id="oc-32e">
         <name>.debug_info</name>
         <load_address>0xce49</load_address>
         <run_address>0xce49</run_address>
         <size>0x1b3</size>
         <input_file_ref idref="fl-c5"/>
      </object_component>
      <object_component id="oc-334">
         <name>.debug_info</name>
         <load_address>0xcffc</load_address>
         <run_address>0xcffc</run_address>
         <size>0x21b</size>
         <input_file_ref idref="fl-c5"/>
      </object_component>
      <object_component id="oc-28c">
         <name>.debug_info</name>
         <load_address>0xd217</load_address>
         <run_address>0xd217</run_address>
         <size>0x3c0</size>
         <input_file_ref idref="fl-c5"/>
      </object_component>
      <object_component id="oc-33a">
         <name>.debug_info</name>
         <load_address>0xd5d7</load_address>
         <run_address>0xd5d7</run_address>
         <size>0x30a</size>
         <input_file_ref idref="fl-c5"/>
      </object_component>
      <object_component id="oc-340">
         <name>.debug_info</name>
         <load_address>0xd8e1</load_address>
         <run_address>0xd8e1</run_address>
         <size>0x215</size>
         <input_file_ref idref="fl-c5"/>
      </object_component>
      <object_component id="oc-291">
         <name>.debug_info</name>
         <load_address>0xdaf6</load_address>
         <run_address>0xdaf6</run_address>
         <size>0x215</size>
         <input_file_ref idref="fl-c5"/>
      </object_component>
      <object_component id="oc-298">
         <name>.debug_info</name>
         <load_address>0xdd0b</load_address>
         <run_address>0xdd0b</run_address>
         <size>0x304</size>
         <input_file_ref idref="fl-c5"/>
      </object_component>
      <object_component id="oc-29e">
         <name>.debug_info</name>
         <load_address>0xe00f</load_address>
         <run_address>0xe00f</run_address>
         <size>0x4b5</size>
         <input_file_ref idref="fl-c5"/>
      </object_component>
      <object_component id="oc-1e0">
         <name>.debug_info</name>
         <load_address>0xe4c4</load_address>
         <run_address>0xe4c4</run_address>
         <size>0x5f4</size>
         <input_file_ref idref="fl-c5"/>
      </object_component>
      <object_component id="oc-2b6">
         <name>.debug_info</name>
         <load_address>0xeab8</load_address>
         <run_address>0xeab8</run_address>
         <size>0x86</size>
         <input_file_ref idref="fl-c5"/>
      </object_component>
      <object_component id="oc-36f">
         <name>.debug_info</name>
         <load_address>0xeb3e</load_address>
         <run_address>0xeb3e</run_address>
         <size>0x39</size>
         <input_file_ref idref="fl-c5"/>
      </object_component>
      <object_component id="oc-3c3">
         <name>.debug_info</name>
         <load_address>0xeb77</load_address>
         <run_address>0xeb77</run_address>
         <size>0xb6</size>
         <input_file_ref idref="fl-c5"/>
      </object_component>
      <object_component id="oc-374">
         <name>.debug_info</name>
         <load_address>0xec2d</load_address>
         <run_address>0xec2d</run_address>
         <size>0x46</size>
         <input_file_ref idref="fl-c5"/>
      </object_component>
      <object_component id="oc-2bb">
         <name>.debug_info</name>
         <load_address>0xec73</load_address>
         <run_address>0xec73</run_address>
         <size>0x46</size>
         <input_file_ref idref="fl-c5"/>
      </object_component>
      <object_component id="oc-92">
         <name>.debug_info</name>
         <load_address>0xecb9</load_address>
         <run_address>0xecb9</run_address>
         <size>0x147</size>
         <input_file_ref idref="fl-c6"/>
      </object_component>
      <object_component id="oc-328">
         <name>.debug_info</name>
         <load_address>0xee00</load_address>
         <run_address>0xee00</run_address>
         <size>0x14c</size>
         <input_file_ref idref="fl-c7"/>
      </object_component>
      <object_component id="oc-287">
         <name>.debug_info</name>
         <load_address>0xef4c</load_address>
         <run_address>0xef4c</run_address>
         <size>0x128</size>
         <input_file_ref idref="fl-c8"/>
      </object_component>
      <object_component id="oc-314">
         <name>.debug_info</name>
         <load_address>0xf074</load_address>
         <run_address>0xf074</run_address>
         <size>0x12a</size>
         <input_file_ref idref="fl-c8"/>
      </object_component>
      <object_component id="oc-30e">
         <name>.debug_info</name>
         <load_address>0xf19e</load_address>
         <run_address>0xf19e</run_address>
         <size>0x13a</size>
         <input_file_ref idref="fl-c9"/>
      </object_component>
      <object_component id="oc-309">
         <name>.debug_info</name>
         <load_address>0xf2d8</load_address>
         <run_address>0xf2d8</run_address>
         <size>0x13a</size>
         <input_file_ref idref="fl-ca"/>
      </object_component>
      <object_component id="oc-318">
         <name>.debug_info</name>
         <load_address>0xf412</load_address>
         <run_address>0xf412</run_address>
         <size>0x12e</size>
         <input_file_ref idref="fl-cb"/>
      </object_component>
      <object_component id="oc-324">
         <name>.debug_info</name>
         <load_address>0xf540</load_address>
         <run_address>0xf540</run_address>
         <size>0x12c</size>
         <input_file_ref idref="fl-cc"/>
      </object_component>
      <object_component id="oc-303">
         <name>.debug_info</name>
         <load_address>0xf66c</load_address>
         <run_address>0xf66c</run_address>
         <size>0x134</size>
         <input_file_ref idref="fl-cd"/>
      </object_component>
      <object_component id="oc-236">
         <name>.debug_info</name>
         <load_address>0xf7a0</load_address>
         <run_address>0xf7a0</run_address>
         <size>0x4b3</size>
         <input_file_ref idref="fl-ce"/>
      </object_component>
      <object_component id="oc-16a">
         <name>.debug_info</name>
         <load_address>0xfc53</load_address>
         <run_address>0xfc53</run_address>
         <size>0x1a6</size>
         <input_file_ref idref="fl-ce"/>
      </object_component>
      <object_component id="oc-2e6">
         <name>.debug_info</name>
         <load_address>0xfdf9</load_address>
         <run_address>0xfdf9</run_address>
         <size>0x39</size>
         <input_file_ref idref="fl-ce"/>
      </object_component>
      <object_component id="oc-380">
         <name>.debug_info</name>
         <load_address>0xfe32</load_address>
         <run_address>0xfe32</run_address>
         <size>0x39</size>
         <input_file_ref idref="fl-ce"/>
      </object_component>
      <object_component id="oc-2eb">
         <name>.debug_info</name>
         <load_address>0xfe6b</load_address>
         <run_address>0xfe6b</run_address>
         <size>0x39</size>
         <input_file_ref idref="fl-ce"/>
      </object_component>
      <object_component id="oc-2f0">
         <name>.debug_info</name>
         <load_address>0xfea4</load_address>
         <run_address>0xfea4</run_address>
         <size>0xcd</size>
         <input_file_ref idref="fl-ce"/>
      </object_component>
      <object_component id="oc-96">
         <name>.debug_info</name>
         <load_address>0xff71</load_address>
         <run_address>0xff71</run_address>
         <size>0x153</size>
         <input_file_ref idref="fl-cf"/>
      </object_component>
      <object_component id="oc-15c">
         <name>.debug_info</name>
         <load_address>0x100c4</load_address>
         <run_address>0x100c4</run_address>
         <size>0x122</size>
         <input_file_ref idref="fl-d1"/>
      </object_component>
      <object_component id="oc-39e">
         <name>.debug_info</name>
         <load_address>0x101e6</load_address>
         <run_address>0x101e6</run_address>
         <size>0x29c</size>
         <input_file_ref idref="fl-d3"/>
      </object_component>
      <object_component id="oc-31d">
         <name>.debug_info</name>
         <load_address>0x10482</load_address>
         <run_address>0x10482</run_address>
         <size>0x1da</size>
         <input_file_ref idref="fl-d3"/>
      </object_component>
      <object_component id="oc-300">
         <name>.debug_info</name>
         <load_address>0x1065c</load_address>
         <run_address>0x1065c</run_address>
         <size>0x2b9</size>
         <input_file_ref idref="fl-d5"/>
      </object_component>
      <object_component id="oc-27a">
         <name>.debug_info</name>
         <load_address>0x10915</load_address>
         <run_address>0x10915</run_address>
         <size>0x17c</size>
         <input_file_ref idref="fl-d5"/>
      </object_component>
      <object_component id="oc-390">
         <name>.debug_info</name>
         <load_address>0x10a91</load_address>
         <run_address>0x10a91</run_address>
         <size>0xf9</size>
         <input_file_ref idref="fl-d6"/>
      </object_component>
      <object_component id="oc-2fd">
         <name>.debug_info</name>
         <load_address>0x10b8a</load_address>
         <run_address>0x10b8a</run_address>
         <size>0x105</size>
         <input_file_ref idref="fl-d6"/>
      </object_component>
      <object_component id="oc-35b">
         <name>.debug_info</name>
         <load_address>0x10c8f</load_address>
         <run_address>0x10c8f</run_address>
         <size>0x2a7</size>
         <input_file_ref idref="fl-d7"/>
      </object_component>
      <object_component id="oc-2a3">
         <name>.debug_info</name>
         <load_address>0x10f36</load_address>
         <run_address>0x10f36</run_address>
         <size>0x1b8</size>
         <input_file_ref idref="fl-d7"/>
      </object_component>
      <object_component id="oc-3b5">
         <name>.debug_info</name>
         <load_address>0x110ee</load_address>
         <run_address>0x110ee</run_address>
         <size>0x29a</size>
         <input_file_ref idref="fl-d8"/>
      </object_component>
      <object_component id="oc-355">
         <name>.debug_info</name>
         <load_address>0x11388</load_address>
         <run_address>0x11388</run_address>
         <size>0x262</size>
         <input_file_ref idref="fl-d8"/>
      </object_component>
      <object_component id="oc-2fb">
         <name>.debug_info</name>
         <load_address>0x115ea</load_address>
         <run_address>0x115ea</run_address>
         <size>0x28f</size>
         <input_file_ref idref="fl-d9"/>
      </object_component>
      <object_component id="oc-274">
         <name>.debug_info</name>
         <load_address>0x11879</load_address>
         <run_address>0x11879</run_address>
         <size>0x245</size>
         <input_file_ref idref="fl-d9"/>
      </object_component>
      <object_component id="oc-367">
         <name>.debug_info</name>
         <load_address>0x11abe</load_address>
         <run_address>0x11abe</run_address>
         <size>0x289</size>
         <input_file_ref idref="fl-da"/>
      </object_component>
      <object_component id="oc-364">
         <name>.debug_info</name>
         <load_address>0x11d47</load_address>
         <run_address>0x11d47</run_address>
         <size>0x10e</size>
         <input_file_ref idref="fl-da"/>
      </object_component>
      <object_component id="oc-2af">
         <name>.debug_info</name>
         <load_address>0x11e55</load_address>
         <run_address>0x11e55</run_address>
         <size>0x14e</size>
         <input_file_ref idref="fl-da"/>
      </object_component>
      <object_component id="oc-3a6">
         <name>.debug_info</name>
         <load_address>0x11fa3</load_address>
         <run_address>0x11fa3</run_address>
         <size>0x29a</size>
         <input_file_ref idref="fl-db"/>
      </object_component>
      <object_component id="oc-349">
         <name>.debug_info</name>
         <load_address>0x1223d</load_address>
         <run_address>0x1223d</run_address>
         <size>0x195</size>
         <input_file_ref idref="fl-db"/>
      </object_component>
      <object_component id="oc-3cf">
         <name>.debug_info</name>
         <load_address>0x123d2</load_address>
         <run_address>0x123d2</run_address>
         <size>0x39</size>
         <input_file_ref idref="fl-db"/>
      </object_component>
      <object_component id="oc-3a7">
         <name>.debug_info</name>
         <load_address>0x1240b</load_address>
         <run_address>0x1240b</run_address>
         <size>0x2c</size>
         <input_file_ref idref="fl-db"/>
      </object_component>
      <object_component id="oc-3b3">
         <name>.debug_info</name>
         <load_address>0x12437</load_address>
         <run_address>0x12437</run_address>
         <size>0x2fd</size>
         <input_file_ref idref="fl-dc"/>
      </object_component>
      <object_component id="oc-34e">
         <name>.debug_info</name>
         <load_address>0x12734</load_address>
         <run_address>0x12734</run_address>
         <size>0x225</size>
         <input_file_ref idref="fl-dc"/>
      </object_component>
      <object_component id="oc-362">
         <name>.debug_info</name>
         <load_address>0x12959</load_address>
         <run_address>0x12959</run_address>
         <size>0x28f</size>
         <input_file_ref idref="fl-dd"/>
      </object_component>
      <object_component id="oc-2ac">
         <name>.debug_info</name>
         <load_address>0x12be8</load_address>
         <run_address>0x12be8</run_address>
         <size>0x15a</size>
         <input_file_ref idref="fl-dd"/>
      </object_component>
      <object_component id="oc-3b8">
         <name>.debug_info</name>
         <load_address>0x12d42</load_address>
         <run_address>0x12d42</run_address>
         <size>0x46</size>
         <input_file_ref idref="fl-dd"/>
      </object_component>
      <object_component id="oc-35d">
         <name>.debug_info</name>
         <load_address>0x12d88</load_address>
         <run_address>0x12d88</run_address>
         <size>0x39</size>
         <input_file_ref idref="fl-dd"/>
      </object_component>
      <object_component id="oc-394">
         <name>.debug_info</name>
         <load_address>0x12dc1</load_address>
         <run_address>0x12dc1</run_address>
         <size>0x115</size>
         <input_file_ref idref="fl-de"/>
      </object_component>
      <object_component id="oc-3ad">
         <name>.debug_info</name>
         <load_address>0x12ed6</load_address>
         <run_address>0x12ed6</run_address>
         <size>0x161</size>
         <input_file_ref idref="fl-df"/>
      </object_component>
      <object_component id="oc-1d3">
         <name>.debug_info</name>
         <load_address>0x13037</load_address>
         <run_address>0x13037</run_address>
         <size>0x3ba</size>
         <input_file_ref idref="fl-e0"/>
      </object_component>
      <object_component id="oc-112">
         <name>.debug_info</name>
         <load_address>0x133f1</load_address>
         <run_address>0x133f1</run_address>
         <size>0x33c</size>
         <input_file_ref idref="fl-e0"/>
      </object_component>
      <object_component id="oc-118">
         <name>.debug_info</name>
         <load_address>0x1372d</load_address>
         <run_address>0x1372d</run_address>
         <size>0x2a9</size>
         <input_file_ref idref="fl-e0"/>
      </object_component>
      <object_component id="oc-ed">
         <name>.debug_info</name>
         <load_address>0x139d6</load_address>
         <run_address>0x139d6</run_address>
         <size>0x308</size>
         <input_file_ref idref="fl-e0"/>
      </object_component>
      <object_component id="oc-10c">
         <name>.debug_info</name>
         <load_address>0x13cde</load_address>
         <run_address>0x13cde</run_address>
         <size>0x32f</size>
         <input_file_ref idref="fl-e0"/>
      </object_component>
      <object_component id="oc-cf">
         <name>.debug_info</name>
         <load_address>0x1400d</load_address>
         <run_address>0x1400d</run_address>
         <size>0x2ad</size>
         <input_file_ref idref="fl-e0"/>
      </object_component>
      <object_component id="oc-20b">
         <name>.debug_info</name>
         <load_address>0x142ba</load_address>
         <run_address>0x142ba</run_address>
         <size>0x2c8</size>
         <input_file_ref idref="fl-e0"/>
      </object_component>
      <object_component id="oc-130">
         <name>.debug_info</name>
         <load_address>0x14582</load_address>
         <run_address>0x14582</run_address>
         <size>0x2e8</size>
         <input_file_ref idref="fl-e0"/>
      </object_component>
      <object_component id="oc-124">
         <name>.debug_info</name>
         <load_address>0x1486a</load_address>
         <run_address>0x1486a</run_address>
         <size>0x29f</size>
         <input_file_ref idref="fl-e0"/>
      </object_component>
      <object_component id="oc-f3">
         <name>.debug_info</name>
         <load_address>0x14b09</load_address>
         <run_address>0x14b09</run_address>
         <size>0x29d</size>
         <input_file_ref idref="fl-e0"/>
      </object_component>
      <object_component id="oc-26c">
         <name>.debug_info</name>
         <load_address>0x14da6</load_address>
         <run_address>0x14da6</run_address>
         <size>0x26b</size>
         <input_file_ref idref="fl-e0"/>
      </object_component>
      <object_component id="oc-265">
         <name>.debug_info</name>
         <load_address>0x15011</load_address>
         <run_address>0x15011</run_address>
         <size>0x297</size>
         <input_file_ref idref="fl-e0"/>
      </object_component>
      <object_component id="oc-211">
         <name>.debug_info</name>
         <load_address>0x152a8</load_address>
         <run_address>0x152a8</run_address>
         <size>0xef</size>
         <input_file_ref idref="fl-e0"/>
      </object_component>
      <object_component id="oc-1ce">
         <name>.debug_info</name>
         <load_address>0x15397</load_address>
         <run_address>0x15397</run_address>
         <size>0xbb</size>
         <input_file_ref idref="fl-e0"/>
      </object_component>
      <object_component id="oc-1bd">
         <name>.debug_info</name>
         <load_address>0x15452</load_address>
         <run_address>0x15452</run_address>
         <size>0x213</size>
         <input_file_ref idref="fl-e1"/>
      </object_component>
      <object_component id="oc-204">
         <name>.debug_info</name>
         <load_address>0x15665</load_address>
         <run_address>0x15665</run_address>
         <size>0x21b</size>
         <input_file_ref idref="fl-e1"/>
      </object_component>
      <object_component id="oc-201">
         <name>.debug_info</name>
         <load_address>0x15880</load_address>
         <run_address>0x15880</run_address>
         <size>0x3b7</size>
         <input_file_ref idref="fl-e2"/>
      </object_component>
      <object_component id="oc-1fe">
         <name>.debug_info</name>
         <load_address>0x15c37</load_address>
         <run_address>0x15c37</run_address>
         <size>0x15b</size>
         <input_file_ref idref="fl-e2"/>
      </object_component>
      <object_component id="oc-250">
         <name>.debug_info</name>
         <load_address>0x15d92</load_address>
         <run_address>0x15d92</run_address>
         <size>0x161</size>
         <input_file_ref idref="fl-e2"/>
      </object_component>
      <object_component id="oc-227">
         <name>.debug_info</name>
         <load_address>0x15ef3</load_address>
         <run_address>0x15ef3</run_address>
         <size>0x160</size>
         <input_file_ref idref="fl-e2"/>
      </object_component>
      <object_component id="oc-255">
         <name>.debug_info</name>
         <load_address>0x16053</load_address>
         <run_address>0x16053</run_address>
         <size>0x22e</size>
         <input_file_ref idref="fl-e2"/>
      </object_component>
      <object_component id="oc-1b2">
         <name>.debug_info</name>
         <load_address>0x16281</load_address>
         <run_address>0x16281</run_address>
         <size>0x279</size>
         <input_file_ref idref="fl-e2"/>
      </object_component>
      <object_component id="oc-14f">
         <name>.debug_info</name>
         <load_address>0x164fa</load_address>
         <run_address>0x164fa</run_address>
         <size>0x2ca</size>
         <input_file_ref idref="fl-e2"/>
      </object_component>
      <object_component id="oc-12b">
         <name>.debug_info</name>
         <load_address>0x167c4</load_address>
         <run_address>0x167c4</run_address>
         <size>0x247</size>
         <input_file_ref idref="fl-e2"/>
      </object_component>
      <object_component id="oc-11f">
         <name>.debug_info</name>
         <load_address>0x16a0b</load_address>
         <run_address>0x16a0b</run_address>
         <size>0x271</size>
         <input_file_ref idref="fl-e2"/>
      </object_component>
      <object_component id="oc-1ac">
         <name>.debug_info</name>
         <load_address>0x16c7c</load_address>
         <run_address>0x16c7c</run_address>
         <size>0x273</size>
         <input_file_ref idref="fl-e2"/>
      </object_component>
      <object_component id="oc-1f9">
         <name>.debug_info</name>
         <load_address>0x16eef</load_address>
         <run_address>0x16eef</run_address>
         <size>0x346</size>
         <input_file_ref idref="fl-e3"/>
      </object_component>
      <object_component id="oc-106">
         <name>.debug_info</name>
         <load_address>0x17235</load_address>
         <run_address>0x17235</run_address>
         <size>0x280</size>
         <input_file_ref idref="fl-e3"/>
      </object_component>
      <object_component id="oc-1d5">
         <name>.debug_info</name>
         <load_address>0x174b5</load_address>
         <run_address>0x174b5</run_address>
         <size>0x3cb</size>
         <input_file_ref idref="fl-e4"/>
      </object_component>
      <object_component id="oc-2ce">
         <name>.debug_info</name>
         <load_address>0x17880</load_address>
         <run_address>0x17880</run_address>
         <size>0x160</size>
         <input_file_ref idref="fl-e4"/>
      </object_component>
      <object_component id="oc-2d1">
         <name>.debug_info</name>
         <load_address>0x179e0</load_address>
         <run_address>0x179e0</run_address>
         <size>0x172</size>
         <input_file_ref idref="fl-e4"/>
      </object_component>
      <object_component id="oc-221">
         <name>.debug_info</name>
         <load_address>0x17b52</load_address>
         <run_address>0x17b52</run_address>
         <size>0x287</size>
         <input_file_ref idref="fl-e4"/>
      </object_component>
      <object_component id="oc-d7">
         <name>.debug_info</name>
         <load_address>0x17dd9</load_address>
         <run_address>0x17dd9</run_address>
         <size>0x288</size>
         <input_file_ref idref="fl-e4"/>
      </object_component>
      <object_component id="oc-14a">
         <name>.debug_info</name>
         <load_address>0x18061</load_address>
         <run_address>0x18061</run_address>
         <size>0x2cc</size>
         <input_file_ref idref="fl-e4"/>
      </object_component>
      <object_component id="oc-143">
         <name>.debug_info</name>
         <load_address>0x1832d</load_address>
         <run_address>0x1832d</run_address>
         <size>0x298</size>
         <input_file_ref idref="fl-e4"/>
      </object_component>
      <object_component id="oc-dc">
         <name>.debug_info</name>
         <load_address>0x185c5</load_address>
         <run_address>0x185c5</run_address>
         <size>0x296</size>
         <input_file_ref idref="fl-e4"/>
      </object_component>
      <object_component id="oc-13c">
         <name>.debug_info</name>
         <load_address>0x1885b</load_address>
         <run_address>0x1885b</run_address>
         <size>0x250</size>
         <input_file_ref idref="fl-e4"/>
      </object_component>
      <object_component id="oc-217">
         <name>.debug_info</name>
         <load_address>0x18aab</load_address>
         <run_address>0x18aab</run_address>
         <size>0x252</size>
         <input_file_ref idref="fl-e4"/>
      </object_component>
      <object_component id="oc-136">
         <name>.debug_info</name>
         <load_address>0x18cfd</load_address>
         <run_address>0x18cfd</run_address>
         <size>0x32f</size>
         <input_file_ref idref="fl-e4"/>
      </object_component>
      <object_component id="oc-e7">
         <name>.debug_info</name>
         <load_address>0x1902c</load_address>
         <run_address>0x1902c</run_address>
         <size>0x25c</size>
         <input_file_ref idref="fl-e4"/>
      </object_component>
      <object_component id="oc-154">
         <name>.debug_info</name>
         <load_address>0x19288</load_address>
         <run_address>0x19288</run_address>
         <size>0x27c</size>
         <input_file_ref idref="fl-e4"/>
      </object_component>
      <object_component id="oc-e1">
         <name>.debug_info</name>
         <load_address>0x19504</load_address>
         <run_address>0x19504</run_address>
         <size>0x256</size>
         <input_file_ref idref="fl-e4"/>
      </object_component>
      <object_component id="oc-409">
         <name>.debug_info</name>
         <load_address>0x1975a</load_address>
         <run_address>0x1975a</run_address>
         <size>0x99</size>
      </object_component>
      <object_component id="oc-19a">
         <name>.debug_line</name>
         <load_address>0x0</load_address>
         <run_address>0x0</run_address>
         <size>0xc8</size>
         <input_file_ref idref="fl-2"/>
      </object_component>
      <object_component id="oc-24c">
         <name>.debug_line</name>
         <load_address>0xc8</load_address>
         <run_address>0xc8</run_address>
         <size>0x56</size>
         <input_file_ref idref="fl-2"/>
      </object_component>
      <object_component id="oc-24e">
         <name>.debug_line</name>
         <load_address>0x11e</load_address>
         <run_address>0x11e</run_address>
         <size>0x56</size>
         <input_file_ref idref="fl-2"/>
      </object_component>
      <object_component id="oc-25b">
         <name>.debug_line</name>
         <load_address>0x174</load_address>
         <run_address>0x174</run_address>
         <size>0x56</size>
         <input_file_ref idref="fl-2"/>
      </object_component>
      <object_component id="oc-260">
         <name>.debug_line</name>
         <load_address>0x1ca</load_address>
         <run_address>0x1ca</run_address>
         <size>0x58</size>
         <input_file_ref idref="fl-2"/>
      </object_component>
      <object_component id="oc-264">
         <name>.debug_line</name>
         <load_address>0x222</load_address>
         <run_address>0x222</run_address>
         <size>0x58</size>
         <input_file_ref idref="fl-2"/>
      </object_component>
      <object_component id="oc-25d">
         <name>.debug_line</name>
         <load_address>0x27a</load_address>
         <run_address>0x27a</run_address>
         <size>0x58</size>
         <input_file_ref idref="fl-2"/>
      </object_component>
      <object_component id="oc-262">
         <name>.debug_line</name>
         <load_address>0x2d2</load_address>
         <run_address>0x2d2</run_address>
         <size>0x58</size>
         <input_file_ref idref="fl-2"/>
      </object_component>
      <object_component id="oc-cc">
         <name>.debug_line</name>
         <load_address>0x32a</load_address>
         <run_address>0x32a</run_address>
         <size>0x131a</size>
         <input_file_ref idref="fl-2"/>
      </object_component>
      <object_component id="oc-19d">
         <name>.debug_line</name>
         <load_address>0x1644</load_address>
         <run_address>0x1644</run_address>
         <size>0x58</size>
         <input_file_ref idref="fl-2"/>
      </object_component>
      <object_component id="oc-73">
         <name>.debug_line</name>
         <load_address>0x169c</load_address>
         <run_address>0x169c</run_address>
         <size>0x6f</size>
         <input_file_ref idref="fl-2"/>
      </object_component>
      <object_component id="oc-b5">
         <name>.debug_line</name>
         <load_address>0x170b</load_address>
         <run_address>0x170b</run_address>
         <size>0x20</size>
         <input_file_ref idref="fl-2"/>
      </object_component>
      <object_component id="oc-b0">
         <name>.debug_line</name>
         <load_address>0x172b</load_address>
         <run_address>0x172b</run_address>
         <size>0x73</size>
         <input_file_ref idref="fl-2"/>
      </object_component>
      <object_component id="oc-1a2">
         <name>.debug_line</name>
         <load_address>0x179e</load_address>
         <run_address>0x179e</run_address>
         <size>0x6f</size>
         <input_file_ref idref="fl-2"/>
      </object_component>
      <object_component id="oc-78">
         <name>.debug_line</name>
         <load_address>0x180d</load_address>
         <run_address>0x180d</run_address>
         <size>0x70</size>
         <input_file_ref idref="fl-2"/>
      </object_component>
      <object_component id="oc-1f6">
         <name>.debug_line</name>
         <load_address>0x187d</load_address>
         <run_address>0x187d</run_address>
         <size>0x6b</size>
         <input_file_ref idref="fl-2"/>
      </object_component>
      <object_component id="oc-1de">
         <name>.debug_line</name>
         <load_address>0x18e8</load_address>
         <run_address>0x18e8</run_address>
         <size>0x1d0</size>
         <input_file_ref idref="fl-3"/>
      </object_component>
      <object_component id="oc-1dc">
         <name>.debug_line</name>
         <load_address>0x1ab8</load_address>
         <run_address>0x1ab8</run_address>
         <size>0x2d</size>
         <input_file_ref idref="fl-3"/>
      </object_component>
      <object_component id="oc-a0">
         <name>.debug_line</name>
         <load_address>0x1ae5</load_address>
         <run_address>0x1ae5</run_address>
         <size>0x2c7</size>
         <input_file_ref idref="fl-3"/>
      </object_component>
      <object_component id="oc-6f">
         <name>.debug_line</name>
         <load_address>0x1dac</load_address>
         <run_address>0x1dac</run_address>
         <size>0x41</size>
         <input_file_ref idref="fl-4"/>
      </object_component>
      <object_component id="oc-2e">
         <name>.debug_line</name>
         <load_address>0x1ded</load_address>
         <run_address>0x1ded</run_address>
         <size>0x41</size>
         <input_file_ref idref="fl-4"/>
      </object_component>
      <object_component id="oc-2c">
         <name>.debug_line</name>
         <load_address>0x1e2e</load_address>
         <run_address>0x1e2e</run_address>
         <size>0xa1</size>
         <input_file_ref idref="fl-4"/>
      </object_component>
      <object_component id="oc-39">
         <name>.debug_line</name>
         <load_address>0x1ecf</load_address>
         <run_address>0x1ecf</run_address>
         <size>0x20</size>
         <input_file_ref idref="fl-4"/>
      </object_component>
      <object_component id="oc-2c3">
         <name>.debug_line</name>
         <load_address>0x1eef</load_address>
         <run_address>0x1eef</run_address>
         <size>0x2d</size>
         <input_file_ref idref="fl-bf"/>
      </object_component>
      <object_component id="oc-103">
         <name>.debug_line</name>
         <load_address>0x1f1c</load_address>
         <run_address>0x1f1c</run_address>
         <size>0x4b</size>
         <input_file_ref idref="fl-bf"/>
      </object_component>
      <object_component id="oc-1ea">
         <name>.debug_line</name>
         <load_address>0x1f67</load_address>
         <run_address>0x1f67</run_address>
[...]
      </symbol>
      <symbol id="sm-2a0">
         <name>GPIOPinTypeHibernateRTCCLK</name>
         <value>0xb49</value>
         <object_component_ref idref="oc-c8"/>
      </symbol>
      <symbol id="sm-2a1">
         <name>GPIODMATriggerEnable</name>
         <value>0xdd7</value>
         <object_component_ref idref="oc-c8"/>
      </symbol>
      <symbol id="sm-2a2">
         <name>GPIOPinTypeEthernetMII</name>
         <value>0xab3</value>
         <object_component_ref idref="oc-c8"/>
      </symbol>
      <symbol id="sm-2a3">
         <name>GPIOPinWrite</name>
         <value>0x997</value>
         <object_component_ref idref="oc-c8"/>
      </symbol>
      <symbol id="sm-2a4">
         <name>SysCtlPWMClockSet</name>
         <value>0x1bf7</value>
         <object_component_ref idref="oc-c8"/>
      </symbol>
      <symbol id="sm-2a5">
         <name>GPIOPadConfigSet</name>
         <value>0x4a1</value>
         <object_component_ref idref="oc-c8"/>
      </symbol>
      <symbol id="sm-2a6">
         <name>GPIOPinTypeLCD</name>
         <value>0xbb5</value>
         <object_component_ref idref="oc-c8"/>
      </symbol>
      <symbol id="sm-2a7">
         <name>GPIOPinTypeSSI</name>
         <value>0xc45</value>
         <object_component_ref idref="oc-c8"/>
      </symbol>
      <symbol id="sm-2a8">
         <name>SysCtlUSBPLLEnable</name>
         <value>0x1c5f</value>
         <object_component_ref idref="oc-c8"/>
      </symbol>
      <symbol id="sm-2a9">
         <name>SysCtlPeripheralSleepEnable</name>
         <value>0x119d</value>
         <object_component_ref idref="oc-c8"/>
      </symbol>
      <symbol id="sm-2aa">
         <name>SysCtlIntUnregister</name>
         <value>0x1321</value>
         <object_component_ref idref="oc-c8"/>
      </symbol>
      <symbol id="sm-2ab">
         <name>GPIOPinTypeTimer</name>
         <value>0xc69</value>
         <object_component_ref idref="oc-c8"/>
      </symbol>
      <symbol id="sm-2ac">
         <name>GPIOPinTypeCAN</name>
         <value>0x9db</value>
         <object_component_ref idref="oc-c8"/>
      </symbol>
      <symbol id="sm-2ad">
         <name>SysCtlUSBPLLDisable</name>
         <value>0x1c6b</value>
         <object_component_ref idref="oc-c8"/>
      </symbol>
      <symbol id="sm-2ae">
         <name>SysCtlPeripheralReady</name>
         <value>0xfd1</value>
         <object_component_ref idref="oc-c8"/>
      </symbol>
      <symbol id="sm-2af">
         <name>SysCtlPIOSCCalibrate</name>
         <value>0x1435</value>
         <object_component_ref idref="oc-c8"/>
      </symbol>
      <symbol id="sm-2b0">
         <name>SysCtlResetCauseClear</name>
         <value>0x140b</value>
         <object_component_ref idref="oc-c8"/>
      </symbol>
      <symbol id="sm-2b1">
         <name>SysCtlLDOSleepGet</name>
         <value>0x1399</value>
         <object_component_ref idref="oc-c8"/>
      </symbol>
      <symbol id="sm-2b2">
         <name>SysCtlClockFreqSet</name>
         <value>0x14e5</value>
         <object_component_ref idref="oc-c8"/>
      </symbol>
      <symbol id="sm-2b3">
         <name>LcdSendData</name>
         <value>0x1e59</value>
         <object_component_ref idref="oc-c8"/>
      </symbol>
      <symbol id="sm-2b4">
         <name>SysCtlPeripheralReset</name>
         <value>0x1091</value>
         <object_component_ref idref="oc-c8"/>
      </symbol>
      <symbol id="sm-2b5">
         <name>GPIOPinTypeEPI</name>
         <value>0xa6b</value>
         <object_component_ref idref="oc-c8"/>
      </symbol>
      <symbol id="sm-2b6">
         <name>LcdClear</name>
         <value>0x1f6f</value>
         <object_component_ref idref="oc-c8"/>
      </symbol>
      <symbol id="sm-2b7">
         <name>GPIOPinTypeEthernetLED</name>
         <value>0xa8f</value>
         <object_component_ref idref="oc-c8"/>
      </symbol>
      <symbol id="sm-2b8">
         <name>GPIOUnlockPin</name>
         <value>0xe4f</value>
         <object_component_ref idref="oc-c8"/>
      </symbol>
      <symbol id="sm-2b9">
         <name>GPIOPinWakeStatus</name>
         <value>0xd69</value>
         <object_component_ref idref="oc-c8"/>
      </symbol>
      <symbol id="sm-2ba">
         <name>LcdFuncSet</name>
         <value>0x1f8d</value>
         <object_component_ref idref="oc-c8"/>
      </symbol>
      <symbol id="sm-324">
         <name>saat</name>
         <value>0x200004c0</value>
      </symbol>
      <symbol id="sm-325">
         <name>rx_data</name>
         <value>0x20000470</value>
      </symbol>
      <symbol id="sm-326">
         <name>InitSystick</name>
         <value>0x2e59</value>
         <object_component_ref idref="oc-9b"/>
      </symbol>
      <symbol id="sm-327">
         <name>UARTStringPut</name>
         <value>0x2f89</value>
         <object_component_ref idref="oc-9b"/>
      </symbol>
      <symbol id="sm-328">
         <name>j</name>
         <value>0x200004d5</value>
         <object_component_ref idref="oc-f8"/>
      </symbol>
      <symbol id="sm-329">
         <name>i</name>
         <value>0x200004d4</value>
         <object_component_ref idref="oc-f8"/>
      </symbol>
      <symbol id="sm-32a">
         <name>Init</name>
         <value>0x2e3b</value>
         <object_component_ref idref="oc-9b"/>
      </symbol>
      <symbol id="sm-32b">
         <name>UARTInit</name>
         <value>0x2eeb</value>
         <object_component_ref idref="oc-9b"/>
      </symbol>
      <symbol id="sm-32c">
         <name>SysTickIRQHandler</name>
         <value>0x2d6d</value>
         <object_component_ref idref="oc-9b"/>
      </symbol>
      <symbol id="sm-32d">
         <name>main</name>
         <value>0x2af1</value>
         <object_component_ref idref="oc-9b"/>
      </symbol>
      <symbol id="sm-32e">
         <name>mod</name>
         <value>0x200004d6</value>
         <object_component_ref idref="oc-f8"/>
      </symbol>
      <symbol id="sm-32f">
         <name>UART0IRQHandler</name>
         <value>0x2b15</value>
         <object_component_ref idref="oc-9b"/>
      </symbol>
      <symbol id="sm-330">
         <name>ADC0SS3IRQHandler</name>
         <value>0x2d37</value>
         <object_component_ref idref="oc-9b"/>
      </symbol>
      <symbol id="sm-331">
         <name>ADC_data</name>
         <value>0x200004d8</value>
         <object_component_ref idref="oc-f8"/>
      </symbol>
      <symbol id="sm-332">
         <name>EXTI4IRQHandler</name>
         <value>0x2d17</value>
         <object_component_ref idref="oc-9b"/>
      </symbol>
      <symbol id="sm-333">
         <name>ADCInit</name>
         <value>0x2e79</value>
         <object_component_ref idref="oc-9b"/>
      </symbol>
      <symbol id="sm-334">
         <name>saat_mod</name>
         <value>0x200004d7</value>
         <object_component_ref idref="oc-f8"/>
      </symbol>
      <symbol id="sm-335">
         <name>EXTIInit</name>
         <value>0x2f45</value>
         <object_component_ref idref="oc-9b"/>
      </symbol>
      <symbol id="sm-356">
         <name>ResetISR</name>
         <value>0x47ad</value>
         <object_component_ref idref="oc-27"/>
      </symbol>
      <symbol id="sm-357">
         <name>g_pfnVectors</name>
         <value>0x0</value>
         <object_component_ref idref="oc-12"/>
      </symbol>
      <symbol id="sm-37e">
         <name>sprintf</name>
         <value>0x44cd</value>
         <object_component_ref idref="oc-fe"/>
      </symbol>
      <symbol id="sm-399">
         <name>memcpy</name>
         <value>0x3c93</value>
         <object_component_ref idref="oc-3b"/>
      </symbol>
      <symbol id="sm-39a">
         <name>__aeabi_memcpy</name>
         <value>0x3c93</value>
         <object_component_ref idref="oc-3b"/>
      </symbol>
      <symbol id="sm-39b">
         <name>__aeabi_memcpy8</name>
         <value>0x3c93</value>
         <object_component_ref idref="oc-3b"/>
      </symbol>
      <symbol id="sm-39c">
         <name>__aeabi_memcpy4</name>
         <value>0x3c93</value>
         <object_component_ref idref="oc-3b"/>
      </symbol>
      <symbol id="sm-3b5">
         <name>__TI_zero_init_nomemset</name>
         <value>0x4641</value>
         <object_component_ref idref="oc-47"/>
      </symbol>
      <symbol id="sm-3cc">
         <name>__TI_decompress_none</name>
         <value>0x4793</value>
         <object_component_ref idref="oc-1b"/>
      </symbol>
      <symbol id="sm-3ef">
         <name>__TI_decompress_lzss</name>
         <value>0x4105</value>
         <object_component_ref idref="oc-15"/>
      </symbol>
      <symbol id="sm-402">
         <name>__stack</name>
         <value>0x20000270</value>
         <object_component_ref idref="oc-24"/>
      </symbol>
      <symbol id="sm-403">
         <name>_c_int00_noargs</name>
         <value>0x4581</value>
         <object_component_ref idref="oc-59"/>
      </symbol>
      <symbol id="sm-568">
         <name>__TI_printfi</name>
         <value>0x20a1</value>
         <object_component_ref idref="oc-1df"/>
      </symbol>
      <symbol id="sm-577">
         <name>__aeabi_memset</name>
         <value>0x3f4d</value>
         <object_component_ref idref="oc-8f"/>
      </symbol>
      <symbol id="sm-578">
         <name>memset</name>
         <value>0x3f53</value>
         <object_component_ref idref="oc-8f"/>
      </symbol>
      <symbol id="sm-579">
         <name>__aeabi_memset8</name>
         <value>0x3f4d</value>
         <object_component_ref idref="oc-8f"/>
      </symbol>
      <symbol id="sm-57a">
         <name>__aeabi_memset4</name>
         <value>0x3f4d</value>
         <object_component_ref idref="oc-8f"/>
      </symbol>
      <symbol id="sm-57b">
         <name>__aeabi_memclr8</name>
         <value>0x3f4b</value>
         <object_component_ref idref="oc-8f"/>
      </symbol>
      <symbol id="sm-57c">
         <name>__aeabi_memclr4</name>
         <value>0x3f4b</value>
         <object_component_ref idref="oc-8f"/>
      </symbol>
      <symbol id="sm-57d">
         <name>__aeabi_memclr</name>
         <value>0x3f4b</value>
         <object_component_ref idref="oc-8f"/>
      </symbol>
      <symbol id="sm-594">
         <name>__aeabi_dsub</name>
         <value>0x3485</value>
         <object_component_ref idref="oc-327"/>
      </symbol>
      <symbol id="sm-595">
         <name>__aeabi_dadd</name>
         <value>0x348f</value>
         <object_component_ref idref="oc-327"/>
      </symbol>
      <symbol id="sm-5b7">
         <name>__aeabi_cdcmpeq</name>
         <value>0x3dc5</value>
         <object_component_ref idref="oc-285"/>
      </symbol>
      <symbol id="sm-5b8">
         <name>__aeabi_cdcmple</name>
         <value>0x3dc5</value>
         <object_component_ref idref="oc-285"/>
      </symbol>
      <symbol id="sm-5b9">
         <name>__aeabi_cdrcmple</name>
         <value>0x3e4b</value>
         <object_component_ref idref="oc-312"/>
      </symbol>
      <symbol id="sm-5cd">
         <name>__aeabi_ddiv</name>
         <value>0x3779</value>
         <object_component_ref idref="oc-30d"/>
      </symbol>
      <symbol id="sm-5d8">
         <name>__aeabi_dmul</name>
         <value>0x3ae5</value>
         <object_component_ref idref="oc-308"/>
      </symbol>
      <symbol id="sm-5e2">
         <name>__aeabi_d2iz</name>
         <value>0x43b9</value>
         <object_component_ref idref="oc-317"/>
      </symbol>
      <symbol id="sm-5ec">
         <name>__aeabi_i2d</name>
         <value>0x45b5</value>
         <object_component_ref idref="oc-322"/>
      </symbol>
      <symbol id="sm-5f9">
         <name>__aeabi_uldivmod</name>
         <value>0x3d2f</value>
         <object_component_ref idref="oc-301"/>
      </symbol>
      <symbol id="sm-621">
         <name>__TI_auto_init_nobinit_nopinit</name>
         <value>0x4449</value>
         <object_component_ref idref="oc-167"/>
      </symbol>
      <symbol id="sm-62b">
         <name>_system_pre_init</name>
         <value>0x480b</value>
         <object_component_ref idref="oc-95"/>
      </symbol>
      <symbol id="sm-637">
         <name>C$$EXIT</name>
         <value>0x480f</value>
         <object_component_ref idref="oc-15b"/>
      </symbol>
      <symbol id="sm-638">
         <name>abort</name>
         <value>0x480f</value>
         <object_component_ref idref="oc-15b"/>
      </symbol>
      <symbol id="sm-648">
         <name>__TI_ltoa</name>
         <value>0x4227</value>
         <object_component_ref idref="oc-31c"/>
      </symbol>
      <symbol id="sm-65f">
         <name>atoi</name>
         <value>0x436d</value>
         <object_component_ref idref="oc-279"/>
      </symbol>
      <symbol id="sm-66a">
         <name>_ctypes_</name>
         <value>0x49c4</value>
         <object_component_ref idref="oc-2fc"/>
      </symbol>
      <symbol id="sm-67a">
         <name>memccpy</name>
         <value>0x465d</value>
         <object_component_ref idref="oc-2a2"/>
      </symbol>
      <symbol id="sm-68a">
         <name>strchr</name>
         <value>0x46f3</value>
         <object_component_ref idref="oc-353"/>
      </symbol>
      <symbol id="sm-698">
         <name>strlen</name>
         <value>0x4731</value>
         <object_component_ref idref="oc-273"/>
      </symbol>
      <symbol id="sm-6ae">
         <name>__aeabi_errno_addr</name>
         <value>0x47f5</value>
         <object_component_ref idref="oc-2ae"/>
      </symbol>
      <symbol id="sm-6af">
         <name>errno</name>
         <value>0x200004dc</value>
         <object_component_ref idref="oc-363"/>
      </symbol>
      <symbol id="sm-6cf">
         <name>frexpl</name>
         <value>0x416d</value>
         <object_component_ref idref="oc-347"/>
      </symbol>
      <symbol id="sm-6d0">
         <name>frexp</name>
         <value>0x416d</value>
         <object_component_ref idref="oc-347"/>
      </symbol>
      <symbol id="sm-6ed">
         <name>scalbn</name>
         <value>0x39d5</value>
         <object_component_ref idref="oc-34d"/>
      </symbol>
      <symbol id="sm-6ee">
         <name>scalbnl</name>
         <value>0x39d5</value>
         <object_component_ref idref="oc-34d"/>
      </symbol>
      <symbol id="sm-6ef">
         <name>ldexpl</name>
         <value>0x39d5</value>
         <object_component_ref idref="oc-34d"/>
      </symbol>
      <symbol id="sm-6f0">
         <name>ldexp</name>
         <value>0x39d5</value>
         <object_component_ref idref="oc-34d"/>
      </symbol>
      <symbol id="sm-709">
         <name>wcslen</name>
         <value>0x4745</value>
         <object_component_ref idref="oc-2a8"/>
      </symbol>
      <symbol id="sm-713">
         <name>__aeabi_idiv0</name>
         <value>0x363b</value>
         <object_component_ref idref="oc-393"/>
      </symbol>
      <symbol id="sm-714">
         <name>__aeabi_ldiv0</name>
         <value>0x363b</value>
         <object_component_ref idref="oc-393"/>
      </symbol>
      <symbol id="sm-71e">
         <name>copysign</name>
         <value>0x4679</value>
         <object_component_ref idref="oc-3ac"/>
      </symbol>
      <symbol id="sm-71f">
         <name>copysignl</name>
         <value>0x4679</value>
         <object_component_ref idref="oc-3ac"/>
      </symbol>
      <symbol id="sm-791">
         <name>ADCProcessorTrigger</name>
         <value>0x46ab</value>
         <object_component_ref idref="oc-ce"/>
      </symbol>
      <symbol id="sm-792">
         <name>ADCSequenceEnable</name>
         <value>0x4777</value>
         <object_component_ref idref="oc-117"/>
      </symbol>
      <symbol id="sm-793">
         <name>ADCSequenceConfigure</name>
         <value>0x431d</value>
         <object_component_ref idref="oc-10b"/>
      </symbol>
      <symbol id="sm-794">
         <name>ADCIntEnable</name>
         <value>0x4757</value>
         <object_component_ref idref="oc-123"/>
      </symbol>
      <symbol id="sm-795">
         <name>ADCSequenceStepConfigure</name>
         <value>0x3ed1</value>
         <object_component_ref idref="oc-111"/>
      </symbol>
      <symbol id="sm-796">
         <name>ADCIntClear</name>
         <value>0x47b9</value>
         <object_component_ref idref="oc-f2"/>
      </symbol>
      <symbol id="sm-797">
         <name>ADCIntRegister</name>
         <value>0x4693</value>
         <object_component_ref idref="oc-12f"/>
      </symbol>
      <symbol id="sm-798">
         <name>ADCSequenceDataGet</name>
         <value>0x4605</value>
         <object_component_ref idref="oc-ec"/>
      </symbol>
      <symbol id="sm-7aa">
         <name>CPUcpsie</name>
         <value>0x47a1</value>
         <object_component_ref idref="oc-203"/>
      </symbol>
      <symbol id="sm-7ab">
         <name>CPUwfi</name>
         <value>0x4803</value>
         <object_component_ref idref="oc-1bc"/>
      </symbol>
      <symbol id="sm-814">
         <name>IntEnable</name>
         <value>0x409d</value>
         <object_component_ref idref="oc-11d"/>
      </symbol>
      <symbol id="sm-815">
         <name>IntDisable</name>
         <value>0x4035</value>
         <object_component_ref idref="oc-1aa"/>
      </symbol>
      <symbol id="sm-816">
         <name>IntRegister</name>
         <value>0x454d</value>
         <object_component_ref idref="oc-14d"/>
      </symbol>
      <symbol id="sm-817">
         <name>IntUnregister</name>
         <value>0x4709</value>
         <object_component_ref idref="oc-1b0"/>
      </symbol>
      <symbol id="sm-818">
         <name>g_pfnRAMVectors</name>
         <value>0x20000000</value>
         <object_component_ref idref="oc-226"/>
      </symbol>
      <symbol id="sm-819">
         <name>IntMasterEnable</name>
         <value>0x4767</value>
         <object_component_ref idref="oc-129"/>
      </symbol>
      <symbol id="sm-828">
         <name>SysTickIntRegister</name>
         <value>0x4625</value>
         <object_component_ref idref="oc-104"/>
      </symbol>
      <symbol id="sm-8a2">
         <name>UARTConfigSetExpClk</name>
         <value>0x4401</value>
         <object_component_ref idref="oc-135"/>
      </symbol>
      <symbol id="sm-8a3">
         <name>UARTDisable</name>
         <value>0x45e5</value>
         <object_component_ref idref="oc-216"/>
      </symbol>
      <symbol id="sm-8a4">
         <name>UARTIntEnable</name>
         <value>0x47eb</value>
         <object_component_ref idref="oc-141"/>
      </symbol>
      <symbol id="sm-8a5">
         <name>UARTCharsAvail</name>
         <value>0x4785</value>
         <object_component_ref idref="oc-e6"/>
      </symbol>
      <symbol id="sm-8a6">
         <name>UARTCharPut</name>
         <value>0x47cd</value>
         <object_component_ref idref="oc-153"/>
      </symbol>
      <symbol id="sm-8a7">
         <name>UARTEnable</name>
         <value>0x471d</value>
         <object_component_ref idref="oc-13b"/>
      </symbol>
      <symbol id="sm-8a8">
         <name>UARTIntClear</name>
         <value>0x4807</value>
         <object_component_ref idref="oc-da"/>
      </symbol>
      <symbol id="sm-8a9">
         <name>UARTIntStatus</name>
         <value>0x47d7</value>
         <object_component_ref idref="oc-d4"/>
      </symbol>
      <symbol id="sm-8aa">
         <name>UARTCharGet</name>
         <value>0x47c3</value>
         <object_component_ref idref="oc-e0"/>
      </symbol>
      <symbol id="sm-8ab">
         <name>UARTIntRegister</name>
         <value>0x46c3</value>
         <object_component_ref idref="oc-147"/>
      </symbol>
      <symbol id="sm-8ac">
         <name>__TI_static_base__</name>
         <value>0x0</value>
      </symbol>
      <symbol id="sm-8af">
         <name>__mpu_init</name>
         <value>0x0</value>
      </symbol>
      <symbol id="sm-8b0">
         <name>_system_post_cinit</name>
         <value>0x0</value>
      </symbol>
   </symbol_table>
   <title>Link successful</title>
</link_info>
